Archive member included to satisfy reference by file (symbol)

c:/st/stm32cubeide_1.0.1/stm32cubeide/plugins/com.st.stm32cube.ide.mcu.externaltools.gnu-tools-for-stm32.7-2018-q2-update.win32_1.0.0.201904181610/tools/bin/../lib/gcc/arm-none-eabi/7.3.1/../../../../arm-none-eabi/lib/thumb/v7e-m/fpv4-sp/hard\libc_nano.a(lib_a-errno.o)
                              Src/syscalls.o (__errno)
c:/st/stm32cubeide_1.0.1/stm32cubeide/plugins/com.st.stm32cube.ide.mcu.externaltools.gnu-tools-for-stm32.7-2018-q2-update.win32_1.0.0.201904181610/tools/bin/../lib/gcc/arm-none-eabi/7.3.1/../../../../arm-none-eabi/lib/thumb/v7e-m/fpv4-sp/hard\libc_nano.a(lib_a-exit.o)
                              c:/st/stm32cubeide_1.0.1/stm32cubeide/plugins/com.st.stm32cube.ide.mcu.externaltools.gnu-tools-for-stm32.7-2018-q2-update.win32_1.0.0.201904181610/tools/bin/../lib/gcc/arm-none-eabi/7.3.1/../../../../arm-none-eabi/lib/thumb/v7e-m/fpv4-sp/hard/crt0.o (exit)
c:/st/stm32cubeide_1.0.1/stm32cubeide/plugins/com.st.stm32cube.ide.mcu.externaltools.gnu-tools-for-stm32.7-2018-q2-update.win32_1.0.0.201904181610/tools/bin/../lib/gcc/arm-none-eabi/7.3.1/../../../../arm-none-eabi/lib/thumb/v7e-m/fpv4-sp/hard\libc_nano.a(lib_a-impure.o)
                              c:/st/stm32cubeide_1.0.1/stm32cubeide/plugins/com.st.stm32cube.ide.mcu.externaltools.gnu-tools-for-stm32.7-2018-q2-update.win32_1.0.0.201904181610/tools/bin/../lib/gcc/arm-none-eabi/7.3.1/../../../../arm-none-eabi/lib/thumb/v7e-m/fpv4-sp/hard\libc_nano.a(lib_a-exit.o) (_global_impure_ptr)
c:/st/stm32cubeide_1.0.1/stm32cubeide/plugins/com.st.stm32cube.ide.mcu.externaltools.gnu-tools-for-stm32.7-2018-q2-update.win32_1.0.0.201904181610/tools/bin/../lib/gcc/arm-none-eabi/7.3.1/../../../../arm-none-eabi/lib/thumb/v7e-m/fpv4-sp/hard\libc_nano.a(lib_a-init.o)
                              c:/st/stm32cubeide_1.0.1/stm32cubeide/plugins/com.st.stm32cube.ide.mcu.externaltools.gnu-tools-for-stm32.7-2018-q2-update.win32_1.0.0.201904181610/tools/bin/../lib/gcc/arm-none-eabi/7.3.1/../../../../arm-none-eabi/lib/thumb/v7e-m/fpv4-sp/hard/crt0.o (__libc_init_array)
c:/st/stm32cubeide_1.0.1/stm32cubeide/plugins/com.st.stm32cube.ide.mcu.externaltools.gnu-tools-for-stm32.7-2018-q2-update.win32_1.0.0.201904181610/tools/bin/../lib/gcc/arm-none-eabi/7.3.1/../../../../arm-none-eabi/lib/thumb/v7e-m/fpv4-sp/hard\libc_nano.a(lib_a-memset.o)
                              c:/st/stm32cubeide_1.0.1/stm32cubeide/plugins/com.st.stm32cube.ide.mcu.externaltools.gnu-tools-for-stm32.7-2018-q2-update.win32_1.0.0.201904181610/tools/bin/../lib/gcc/arm-none-eabi/7.3.1/../../../../arm-none-eabi/lib/thumb/v7e-m/fpv4-sp/hard/crt0.o (memset)
c:/st/stm32cubeide_1.0.1/stm32cubeide/plugins/com.st.stm32cube.ide.mcu.externaltools.gnu-tools-for-stm32.7-2018-q2-update.win32_1.0.0.201904181610/tools/bin/../lib/gcc/arm-none-eabi/7.3.1/../../../../arm-none-eabi/lib/thumb/v7e-m/fpv4-sp/hard\libc_nano.a(lib_a-printf.o)
                              Src/drive.o (printf)
c:/st/stm32cubeide_1.0.1/stm32cubeide/plugins/com.st.stm32cube.ide.mcu.externaltools.gnu-tools-for-stm32.7-2018-q2-update.win32_1.0.0.201904181610/tools/bin/../lib/gcc/arm-none-eabi/7.3.1/../../../../arm-none-eabi/lib/thumb/v7e-m/fpv4-sp/hard\libc_nano.a(lib_a-puts.o)
                              Src/drive.o (puts)
c:/st/stm32cubeide_1.0.1/stm32cubeide/plugins/com.st.stm32cube.ide.mcu.externaltools.gnu-tools-for-stm32.7-2018-q2-update.win32_1.0.0.201904181610/tools/bin/../lib/gcc/arm-none-eabi/7.3.1/../../../../arm-none-eabi/lib/thumb/v7e-m/fpv4-sp/hard\libc_nano.a(lib_a-setbuf.o)
                              Src/main.o (setbuf)
c:/st/stm32cubeide_1.0.1/stm32cubeide/plugins/com.st.stm32cube.ide.mcu.externaltools.gnu-tools-for-stm32.7-2018-q2-update.win32_1.0.0.201904181610/tools/bin/../lib/gcc/arm-none-eabi/7.3.1/../../../../arm-none-eabi/lib/thumb/v7e-m/fpv4-sp/hard\libc_nano.a(lib_a-setvbuf.o)
                              c:/st/stm32cubeide_1.0.1/stm32cubeide/plugins/com.st.stm32cube.ide.mcu.externaltools.gnu-tools-for-stm32.7-2018-q2-update.win32_1.0.0.201904181610/tools/bin/../lib/gcc/arm-none-eabi/7.3.1/../../../../arm-none-eabi/lib/thumb/v7e-m/fpv4-sp/hard\libc_nano.a(lib_a-setbuf.o) (setvbuf)
c:/st/stm32cubeide_1.0.1/stm32cubeide/plugins/com.st.stm32cube.ide.mcu.externaltools.gnu-tools-for-stm32.7-2018-q2-update.win32_1.0.0.201904181610/tools/bin/../lib/gcc/arm-none-eabi/7.3.1/../../../../arm-none-eabi/lib/thumb/v7e-m/fpv4-sp/hard\libc_nano.a(lib_a-wbuf.o)
                              c:/st/stm32cubeide_1.0.1/stm32cubeide/plugins/com.st.stm32cube.ide.mcu.externaltools.gnu-tools-for-stm32.7-2018-q2-update.win32_1.0.0.201904181610/tools/bin/../lib/gcc/arm-none-eabi/7.3.1/../../../../arm-none-eabi/lib/thumb/v7e-m/fpv4-sp/hard\libc_nano.a(lib_a-puts.o) (__swbuf_r)
[...]
Memory Configuration

Name             Origin             Length             Attributes
FLASH            0x0000000008000000 0x0000000000100000 xr
CCMRAM           0x0000000010000000 0x0000000000010000 xrw
RAM              0x0000000020000000 0x0000000000020000 xrw
*default*        0x0000000000000000 0xffffffffffffffff

Linker script and memory map

LOAD c:/st/stm32cubeide_1.0.1/stm32cubeide/plugins/com.st.stm32cube.ide.mcu.externaltools.gnu-tools-for-stm32.7-2018-q2-update.win32_1.0.0.201904181610/tools/bin/../lib/gcc/arm-none-eabi/7.3.1/thumb/v7e-m/fpv4-sp/hard/crti.o
LOAD c:/st/stm32cubeide_1.0.1/stm32cubeide/plugins/com.st.stm32cube.ide.mcu.externaltools.gnu-tools-for-stm32.7-2018-q2-update.win32_1.0.0.201904181610/tools/bin/../lib/gcc/arm-none-eabi/7.3.1/thumb/v7e-m/fpv4-sp/hard/crtbegin.o
LOAD c:/st/stm32cubeide_1.0.1/stm32cubeide/plugins/com.st.stm32cube.ide.mcu.externaltools.gnu-tools-for-stm32.7-2018-q2-update.win32_1.0.0.201904181610/tools/bin/../lib/gcc/arm-none-eabi/7.3.1/../../../../arm-none-eabi/lib/thumb/v7e-m/fpv4-sp/hard/crt0.o
LOAD Drivers/STM32F4xx_HAL_Driver/Src/stm32f4xx_hal.o
LOAD Drivers/STM32F4xx_HAL_Driver/Src/stm32f4xx_hal_adc.o
LOAD Drivers/STM32F4xx_HAL_Driver/Src/stm32f4xx_hal_adc_ex.o
LOAD Drivers/STM32F4xx_HAL_Driver/Src/stm32f4xx_hal_cortex.o
LOAD Drivers/STM32F4xx_HAL_Driver/Src/stm32f4xx_hal_dma.o
LOAD Drivers/STM32F4xx_HAL_Driver/Src/stm32f4xx_hal_dma_ex.o
LOAD Drivers/STM32F4xx_HAL_Driver/Src/stm32f4xx_hal_exti.o
LOAD Drivers/STM32F4xx_HAL_Driver/Src/stm32f4xx_hal_flash.o
LOAD Drivers/STM32F4xx_HAL_Driver/Src/stm32f4xx_hal_flash_ex.o
LOAD Drivers/STM32F4xx_HAL_Driver/Src/stm32f4xx_hal_flash_ramfunc.o
LOAD Drivers/STM32F4xx_HAL_Driver/Src/stm32f4xx_hal_gpio.o
LOAD Drivers/STM32F4xx_HAL_Driver/Src/stm32f4xx_hal_pwr.o
LOAD Drivers/STM32F4xx_HAL_Driver/Src/stm32f4xx_hal_pwr_ex.o
LOAD Drivers/STM32F4xx_HAL_Driver/Src/stm32f4xx_hal_rcc.o
LOAD Drivers/STM32F4xx_HAL_Driver/Src/stm32f4xx_hal_rcc_ex.o
LOAD Drivers/STM32F4xx_HAL_Driver/Src/stm32f4xx_hal_spi.o
LOAD Drivers/STM32F4xx_HAL_Driver/Src/stm32f4xx_hal_tim.o
LOAD Drivers/STM32F4xx_HAL_Driver/Src/stm32f4xx_hal_tim_ex.o
LOAD Drivers/STM32F4xx_HAL_Driver/Src/stm32f4xx_hal_uart.o
LOAD Src/drive.o
LOAD Src/eeprom.o
LOAD Src/gyro.o
LOAD Src/main.o
LOAD Src/search.o
LOAD Src/sensor.o
LOAD Src/stm32f4xx_hal_msp.o
LOAD Src/stm32f4xx_it.o
LOAD Src/syscalls.o
LOAD Src/sysmem.o
LOAD Src/system_stm32f4xx.o
LOAD Startup/startup_stm32f405rgtx.o
START GROUP
LOAD c:/st/stm32cubeide_1.0.1/stm32cubeide/plugins/com.st.stm32cube.ide.mcu.externaltools.gnu-tools-for-stm32.7-2018-q2-update.win32_1.0.0.201904181610/tools/bin/../lib/gcc/arm-none-eabi/7.3.1/../../../../arm-none-eabi/lib/thumb/v7e-m/fpv4-sp/hard\libc_nano.a
LOAD c:/st/stm32cubeide_1.0.1/stm32cubeide/plugins/com.st.stm32cube.ide.mcu.externaltools.gnu-tools-for-stm32.7-2018-q2-update.win32_1.0.0.201904181610/tools/bin/../lib/gcc/arm-none-eabi/7.3.1/../../../../arm-none-eabi/lib/thumb/v7e-m/fpv4-sp/hard\libm.a
END GROUP
START GROUP
LOAD c:/st/stm32cubeide_1.0.1/stm32cubeide/plugins/com.st.stm32cube.ide.mcu.externaltools.gnu-tools-for-stm32.7-2018-q2-update.win32_1.0.0.201904181610/tools/bin/../lib/gcc/arm-none-eabi/7.3.1/thumb/v7e-m/fpv4-sp/hard\libgcc.a
LOAD c:/st/stm32cubeide_1.0.1/stm32cubeide/plugins/com.st.stm32cube.ide.mcu.externaltools.gnu-tools-for-stm32.7-2018-q2-update.win32_1.0.0.201904181610/tools/bin/../lib/gcc/arm-none-eabi/7.3.1/../../../../arm-none-eabi/lib/thumb/v7e-m/fpv4-sp/hard\libc_nano.a
END GROUP
START GROUP
LOAD c:/st/stm32cubeide_1.0.1/stm32cubeide/plugins/com.st.stm32cube.ide.mcu.externaltools.gnu-tools-for-stm32.7-2018-q2-update.win32_1.0.0.201904181610/tools/bin/../lib/gcc/arm-none-eabi/7.3.1/thumb/v7e-m/fpv4-sp/hard\libgcc.a
LOAD c:/st/stm32cubeide_1.0.1/stm32cubeide/plugins/com.st.stm32cube.ide.mcu.externaltools.gnu-tools-for-stm32.7-2018-q2-update.win32_1.0.0.201904181610/tools/bin/../lib/gcc/arm-none-eabi/7.3.1/../../../../arm-none-eabi/lib/thumb/v7e-m/fpv4-sp/hard\libc_nano.a
LOAD c:/st/stm32cubeide_1.0.1/stm32cubeide/plugins/com.st.stm32cube.ide.mcu.externaltools.gnu-tools-for-stm32.7-2018-q2-update.win32_1.0.0.201904181610/tools/bin/../lib/gcc/arm-none-eabi/7.3.1/../../../../arm-none-eabi/lib/thumb/v7e-m/fpv4-sp/hard\libnosys.a
END GROUP
START GROUP
LOAD c:/st/stm32cubeide_1.0.1/stm32cubeide/plugins/com.st.stm32cube.ide.mcu.externaltools.gnu-tools-for-stm32.7-2018-q2-update.win32_1.0.0.201904181610/tools/bin/../lib/gcc/arm-none-eabi/7.3.1/thumb/v7e-m/fpv4-sp/hard\libgcc.a
LOAD c:/st/stm32cubeide_1.0.1/stm32cubeide/plugins/com.st.stm32cube.ide.mcu.externaltools.gnu-tools-for-stm32.7-2018-q2-update.win32_1.0.0.201904181610/tools/bin/../lib/gcc/arm-none-eabi/7.3.1/../../../../arm-none-eabi/lib/thumb/v7e-m/fpv4-sp/hard\libc_nano.a
LOAD c:/st/stm32cubeide_1.0.1/stm32cubeide/plugins/com.st.stm32cube.ide.mcu.externaltools.gnu-tools-for-stm32.7-2018-q2-update.win32_1.0.0.201904181610/tools/bin/../lib/gcc/arm-none-eabi/7.3.1/../../../../arm-none-eabi/lib/thumb/v7e-m/fpv4-sp/hard\libnosys.a
END GROUP
LOAD c:/st/stm32cubeide_1.0.1/stm32cubeide/plugins/com.st.stm32cube.ide.mcu.externaltools.gnu-tools-for-stm32.7-2018-q2-update.win32_1.0.0.201904181610/tools/bin/../lib/gcc/arm-none-eabi/7.3.1/thumb/v7e-m/fpv4-sp/hard/crtend.o
LOAD c:/st/stm32cubeide_1.0.1/stm32cubeide/plugins/com.st.stm32cube.ide.mcu.externaltools.gnu-tools-for-stm32.7-2018-q2-update.win32_1.0.0.201904181610/tools/bin/../lib/gcc/arm-none-eabi/7.3.1/thumb/v7e-m/fpv4-sp/hard/crtn.o
                0x0000000020020000                _estack = 0x20020000
                0x0000000000000200                _Min_Heap_Size = 0x200
                0x0000000000000400                _Min_Stack_Size = 0x400

.isr_vector     0x0000000008000000      0x188
                0x0000000008000000                . = ALIGN (0x4)
 *(.isr_vector)
 .isr_vector    0x0000000008000000      0x188 Startup/startup_stm32f405rgtx.o
                0x0000000008000000                g_pfnVectors
                0x0000000008000188                . = ALIGN (0x4)

.text           0x0000000008000190    0x13e5c
                0x0000000008000190                . = ALIGN (0x4)
 *(.text)
 .text          0x0000000008000190       0x40 c:/st/stm32cubeide_1.0.1/stm32cubeide/plugins/com.st.stm32cube.ide.mcu.externaltools.gnu-tools-for-stm32.7-2018-q2-update.win32_1.0.0.201904181610/tools/bin/../lib/gcc/arm-none-eabi/7.3.1/thumb/v7e-m/fpv4-sp/hard/crtbegin.o
 .text          0x00000000080001d0       0xa0 c:/st/stm32cubeide_1.0.1/stm32cubeide/plugins/com.st.stm32cube.ide.mcu.externaltools.gnu-tools-for-stm32.7-2018-q2-update.win32_1.0.0.201904181610/tools/bin/../lib/gcc/arm-none-eabi/7.3.1/../../../../arm-none-eabi/lib/thumb/v7e-m/fpv4-sp/hard\libc_nano.a(lib_a-memchr.o)
                0x00000000080001d0                memchr
 .text          0x0000000008000270      0x378 c:/st/stm32cubeide_1.0.1/stm32cubeide/plugins/com.st.stm32cube.ide.mcu.externaltools.gnu-tools-for-stm32.7-2018-q2-update.win32_1.0.0.201904181610/tools/bin/../lib/gcc/arm-none-eabi/7.3.1/thumb/v7e-m/fpv4-sp/hard\libgcc.a(_arm_addsubdf3.o)
                0x0000000008000270                __aeabi_drsub
                0x0000000008000278                __aeabi_dsub
                0x0000000008000278                __subdf3
                0x000000000800027c                __aeabi_dadd
                0x000000000800027c                __adddf3
                0x00000000080004f4                __floatunsidf
                0x00000000080004f4                __aeabi_ui2d
                0x0000000008000514                __floatsidf
                0x0000000008000514                __aeabi_i2d
                0x0000000008000538                __aeabi_f2d
                0x0000000008000538                __extendsfdf2
                0x000000000800057c                __floatundidf
                0x000000000800057c                __aeabi_ul2d
                0x000000000800058c                __floatdidf
                0x000000000800058c                __aeabi_l2d
 .text          0x00000000080005e8      0x424 c:/st/stm32cubeide_1.0.1/stm32cubeide/plugins/com.st.stm32cube.ide.mcu.externaltools.gnu-tools-for-stm32.7-2018-q2-update.win32_1.0.0.201904181610/tools/bin/../lib/gcc/arm-none-eabi/7.3.1/thumb/v7e-m/fpv4-sp/hard\libgcc.a(_arm_muldivdf3.o)
                0x00000000080005e8                __aeabi_dmul
                0x00000000080005e8                __muldf3
                0x000000000800083c                __divdf3
                0x000000000800083c                __aeabi_ddiv
 .text          0x0000000008000a0c      0x110 c:/st/stm32cubeide_1.0.1/stm32cubeide/plugins/com.st.stm32cube.ide.mcu.externaltools.gnu-tools-for-stm32.7-2018-q2-update.win32_1.0.0.201904181610/tools/bin/../lib/gcc/arm-none-eabi/7.3.1/thumb/v7e-m/fpv4-sp/hard\libgcc.a(_arm_cmpdf2.o)
                0x0000000008000a0c                __gtdf2
                0x0000000008000a0c                __gedf2
                0x0000000008000a14                __ltdf2
                0x0000000008000a14                __ledf2
                0x0000000008000a1c                __nedf2
                0x0000000008000a1c                __eqdf2
                0x0000000008000a1c                __cmpdf2
                0x0000000008000a98                __aeabi_cdrcmple
                0x0000000008000aa8                __aeabi_cdcmpeq
                0x0000000008000aa8                __aeabi_cdcmple
                0x0000000008000ab8                __aeabi_dcmpeq
                0x0000000008000acc                __aeabi_dcmplt
                0x0000000008000ae0                __aeabi_dcmple
                0x0000000008000af4                __aeabi_dcmpge
                0x0000000008000b08                __aeabi_dcmpgt
 .text          0x0000000008000b1c       0x2c c:/st/stm32cubeide_1.0.1/stm32cubeide/plugins/com.st.stm32cube.ide.mcu.externaltools.gnu-tools-for-stm32.7-2018-q2-update.win32_1.0.0.201904181610/tools/bin/../lib/gcc/arm-none-eabi/7.3.1/thumb/v7e-m/fpv4-sp/hard\libgcc.a(_arm_unorddf2.o)
                0x0000000008000b1c                __unorddf2
                0x0000000008000b1c                __aeabi_dcmpun
 .text          0x0000000008000b48       0x50 c:/st/stm32cubeide_1.0.1/stm32cubeide/plugins/com.st.stm32cube.ide.mcu.externaltools.gnu-tools-for-stm32.7-2018-q2-update.win32_1.0.0.201904181610/tools/bin/../lib/gcc/arm-none-eabi/7.3.1/thumb/v7e-m/fpv4-sp/hard\libgcc.a(_arm_fixdfsi.o)
                0x0000000008000b48                __aeabi_d2iz
                0x0000000008000b48                __fixdfsi
 .text          0x0000000008000b98       0xa0 c:/st/stm32cubeide_1.0.1/stm32cubeide/plugins/com.st.stm32cube.ide.mcu.externaltools.gnu-tools-for-stm32.7-2018-q2-update.win32_1.0.0.201904181610/tools/bin/../lib/gcc/arm-none-eabi/7.3.1/thumb/v7e-m/fpv4-sp/hard\libgcc.a(_arm_truncdfsf2.o)
                0x0000000008000b98                __truncdfsf2
                0x0000000008000b98                __aeabi_d2f
 .text          0x0000000008000c38       0x30 c:/st/stm32cubeide_1.0.1/stm32cubeide/plugins/com.st.stm32cube.ide.mcu.externaltools.gnu-tools-for-stm32.7-2018-q2-update.win32_1.0.0.201904181610/tools/bin/../lib/gcc/arm-none-eabi/7.3.1/thumb/v7e-m/fpv4-sp/hard\libgcc.a(_aeabi_uldivmod.o)
                0x0000000008000c38                __aeabi_uldivmod
 .text          0x0000000008000c68      0x2cc c:/st/stm32cubeide_1.0.1/stm32cubeide/plugins/com.st.stm32cube.ide.mcu.externaltools.gnu-tools-for-stm32.7-2018-q2-update.win32_1.0.0.201904181610/tools/bin/../lib/gcc/arm-none-eabi/7.3.1/thumb/v7e-m/fpv4-sp/hard\libgcc.a(_udivmoddi4.o)
                0x0000000008000c68                __udivmoddi4
 .text          0x0000000008000f34        0x4 c:/st/stm32cubeide_1.0.1/stm32cubeide/plugins/com.st.stm32cube.ide.mcu.externaltools.gnu-tools-for-stm32.7-2018-q2-update.win32_1.0.0.201904181610/tools/bin/../lib/gcc/arm-none-eabi/7.3.1/thumb/v7e-m/fpv4-sp/hard\libgcc.a(_dvmd_tls.o)
                0x0000000008000f34                __aeabi_idiv0
                0x0000000008000f34                __aeabi_ldiv0
 *(.text*)
 .text.HAL_Init
                0x0000000008000f38       0x44 Drivers/STM32F4xx_HAL_Driver/Src/stm32f4xx_hal.o
                0x0000000008000f38                HAL_Init
 .text.HAL_InitTick
                0x0000000008000f7c       0x60 Drivers/STM32F4xx_HAL_Driver/Src/stm32f4xx_hal.o
                0x0000000008000f7c                HAL_InitTick
 .text.HAL_IncTick
                0x0000000008000fdc       0x28 Drivers/STM32F4xx_HAL_Driver/Src/stm32f4xx_hal.o
                0x0000000008000fdc                HAL_IncTick
 .text.HAL_GetTick
                0x0000000008001004       0x18 Drivers/STM32F4xx_HAL_Driver/Src/stm32f4xx_hal.o
                0x0000000008001004                HAL_GetTick
 .text.HAL_Delay
                0x000000000800101c       0x44 Drivers/STM32F4xx_HAL_Driver/Src/stm32f4xx_hal.o
                0x000000000800101c                HAL_Delay
 .text.HAL_ADC_Init
                0x0000000008001060       0x86 Drivers/STM32F4xx_HAL_Driver/Src/stm32f4xx_hal_adc.o
                0x0000000008001060                HAL_ADC_Init
 *fill*         0x00000000080010e6        0x2 
 .text.HAL_ADC_Start
                0x00000000080010e8      0x18c Drivers/STM32F4xx_HAL_Driver/Src/stm32f4xx_hal_adc.o
                0x00000000080010e8                HAL_ADC_Start
 .text.HAL_ADC_PollForConversion
                0x0000000008001274      0x108 Drivers/STM32F4xx_HAL_Driver/Src/stm32f4xx_hal_adc.o
                0x0000000008001274                HAL_ADC_PollForConversion
 .text.HAL_ADC_GetValue
                0x000000000800137c       0x1a Drivers/STM32F4xx_HAL_Driver/Src/stm32f4xx_hal_adc.o
                0x000000000800137c                HAL_ADC_GetValue
 *fill*         0x0000000008001396        0x2 
 .text.HAL_ADC_ConfigChannel
                0x0000000008001398      0x244 Drivers/STM32F4xx_HAL_Driver/Src/stm32f4xx_hal_adc.o
                0x0000000008001398                HAL_ADC_ConfigChannel
 .text.ADC_Init
                0x00000000080015dc      0x1f8 Drivers/STM32F4xx_HAL_Driver/Src/stm32f4xx_hal_adc.o
 .text.__NVIC_SetPriorityGrouping
                0x00000000080017d4       0x48 Drivers/STM32F4xx_HAL_Driver/Src/stm32f4xx_hal_cortex.o
 .text.__NVIC_GetPriorityGrouping
                0x000000000800181c       0x1c Drivers/STM32F4xx_HAL_Driver/Src/stm32f4xx_hal_cortex.o
 .text.__NVIC_EnableIRQ
                0x0000000008001838       0x3c Drivers/STM32F4xx_HAL_Driver/Src/stm32f4xx_hal_cortex.o
 .text.__NVIC_SetPriority
                0x0000000008001874       0x54 Drivers/STM32F4xx_HAL_Driver/Src/stm32f4xx_hal_cortex.o
 .text.NVIC_EncodePriority
                0x00000000080018c8       0x66 Drivers/STM32F4xx_HAL_Driver/Src/stm32f4xx_hal_cortex.o
 *fill*         0x000000000800192e        0x2 
 .text.SysTick_Config
                0x0000000008001930       0x44 Drivers/STM32F4xx_HAL_Driver/Src/stm32f4xx_hal_cortex.o
 .text.HAL_NVIC_SetPriorityGrouping
                0x0000000008001974       0x16 Drivers/STM32F4xx_HAL_Driver/Src/stm32f4xx_hal_cortex.o
                0x0000000008001974                HAL_NVIC_SetPriorityGrouping
 .text.HAL_NVIC_SetPriority
                0x000000000800198a       0x38 Drivers/STM32F4xx_HAL_Driver/Src/stm32f4xx_hal_cortex.o
                0x000000000800198a                HAL_NVIC_SetPriority
 .text.HAL_NVIC_EnableIRQ
                0x00000000080019c2       0x1c Drivers/STM32F4xx_HAL_Driver/Src/stm32f4xx_hal_cortex.o
                0x00000000080019c2                HAL_NVIC_EnableIRQ
 .text.HAL_SYSTICK_Config
                0x00000000080019de       0x18 Drivers/STM32F4xx_HAL_Driver/Src/stm32f4xx_hal_cortex.o
                0x00000000080019de                HAL_SYSTICK_Config
 *fill*         0x00000000080019f6        0x2 
 .text.HAL_FLASH_Program
                0x00000000080019f8       0xa8 Drivers/STM32F4xx_HAL_Driver/Src/stm32f4xx_hal_flash.o
                0x00000000080019f8                HAL_FLASH_Program
 .text.HAL_FLASH_Unlock
                0x0000000008001aa0       0x44 Drivers/STM32F4xx_HAL_Driver/Src/stm32f4xx_hal_flash.o
                0x0000000008001aa0                HAL_FLASH_Unlock
 .text.HAL_FLASH_Lock
                0x0000000008001ae4       0x20 Drivers/STM32F4xx_HAL_Driver/Src/stm32f4xx_hal_flash.o
                0x0000000008001ae4                HAL_FLASH_Lock
 .text.FLASH_WaitForLastOperation
                0x0000000008001b04       0x80 Drivers/STM32F4xx_HAL_Driver/Src/stm32f4xx_hal_flash.o
                0x0000000008001b04                FLASH_WaitForLastOperation
 .text.FLASH_Program_DoubleWord
                0x0000000008001b84       0x5c Drivers/STM32F4xx_HAL_Driver/Src/stm32f4xx_hal_flash.o
 .text.FLASH_Program_Word
                0x0000000008001be0       0x44 Drivers/STM32F4xx_HAL_Driver/Src/stm32f4xx_hal_flash.o
 .text.FLASH_Program_HalfWord
                0x0000000008001c24       0x48 Drivers/STM32F4xx_HAL_Driver/Src/stm32f4xx_hal_flash.o
 .text.FLASH_Program_Byte
                0x0000000008001c6c       0x44 Drivers/STM32F4xx_HAL_Driver/Src/stm32f4xx_hal_flash.o
 .text.FLASH_SetErrorCode
                0x0000000008001cb0       0xac Drivers/STM32F4xx_HAL_Driver/Src/stm32f4xx_hal_flash.o
 .text.HAL_FLASHEx_Erase
                0x0000000008001d5c       0xe0 Drivers/STM32F4xx_HAL_Driver/Src/stm32f4xx_hal_flash_ex.o
                0x0000000008001d5c                HAL_FLASHEx_Erase
 .text.FLASH_MassErase
                0x0000000008001e3c       0x48 Drivers/STM32F4xx_HAL_Driver/Src/stm32f4xx_hal_flash_ex.o
 .text.FLASH_Erase_Sector
                0x0000000008001e84       0x90 Drivers/STM32F4xx_HAL_Driver/Src/stm32f4xx_hal_flash_ex.o
                0x0000000008001e84                FLASH_Erase_Sector
 .text.FLASH_FlushCaches
                0x0000000008001f14       0x8c Drivers/STM32F4xx_HAL_Driver/Src/stm32f4xx_hal_flash_ex.o
                0x0000000008001f14                FLASH_FlushCaches
 .text.HAL_GPIO_Init
                0x0000000008001fa0      0x334 Drivers/STM32F4xx_HAL_Driver/Src/stm32f4xx_hal_gpio.o
                0x0000000008001fa0                HAL_GPIO_Init
 .text.HAL_GPIO_ReadPin
                0x00000000080022d4       0x30 Drivers/STM32F4xx_HAL_Driver/Src/stm32f4xx_hal_gpio.o
                0x00000000080022d4                HAL_GPIO_ReadPin
 .text.HAL_GPIO_WritePin
                0x0000000008002304       0x32 Drivers/STM32F4xx_HAL_Driver/Src/stm32f4xx_hal_gpio.o
                0x0000000008002304                HAL_GPIO_WritePin
 *fill*         0x0000000008002336        0x2 
 .text.HAL_RCC_OscConfig
                0x0000000008002338      0x484 Drivers/STM32F4xx_HAL_Driver/Src/stm32f4xx_hal_rcc.o
                0x0000000008002338                HAL_RCC_OscConfig
 .text.HAL_RCC_ClockConfig
                0x00000000080027bc      0x1c4 Drivers/STM32F4xx_HAL_Driver/Src/stm32f4xx_hal_rcc.o
                0x00000000080027bc                HAL_RCC_ClockConfig
 .text.HAL_RCC_GetSysClockFreq
                0x0000000008002980      0x164 Drivers/STM32F4xx_HAL_Driver/Src/stm32f4xx_hal_rcc.o
                0x0000000008002980                HAL_RCC_GetSysClockFreq
 .text.HAL_RCC_GetHCLKFreq
                0x0000000008002ae4       0x18 Drivers/STM32F4xx_HAL_Driver/Src/stm32f4xx_hal_rcc.o
                0x0000000008002ae4                HAL_RCC_GetHCLKFreq
 .text.HAL_RCC_GetPCLK1Freq
                0x0000000008002afc       0x28 Drivers/STM32F4xx_HAL_Driver/Src/stm32f4xx_hal_rcc.o
                0x0000000008002afc                HAL_RCC_GetPCLK1Freq
 .text.HAL_RCC_GetPCLK2Freq
                0x0000000008002b24       0x28 Drivers/STM32F4xx_HAL_Driver/Src/stm32f4xx_hal_rcc.o
                0x0000000008002b24                HAL_RCC_GetPCLK2Freq
 .text.HAL_SPI_Init
                0x0000000008002b4c       0xc8 Drivers/STM32F4xx_HAL_Driver/Src/stm32f4xx_hal_spi.o
                0x0000000008002b4c                HAL_SPI_Init
 .text.HAL_SPI_Transmit
                0x0000000008002c14      0x268 Drivers/STM32F4xx_HAL_Driver/Src/stm32f4xx_hal_spi.o
                0x0000000008002c14                HAL_SPI_Transmit
 .text.HAL_SPI_Receive
                0x0000000008002e7c      0x212 Drivers/STM32F4xx_HAL_Driver/Src/stm32f4xx_hal_spi.o
                0x0000000008002e7c                HAL_SPI_Receive
 .text.HAL_SPI_TransmitReceive
                0x000000000800308e      0x344 Drivers/STM32F4xx_HAL_Driver/Src/stm32f4xx_hal_spi.o
                0x000000000800308e                HAL_SPI_TransmitReceive
 .text.SPI_WaitFlagStateUntilTimeout
                0x00000000080033d2       0xd4 Drivers/STM32F4xx_HAL_Driver/Src/stm32f4xx_hal_spi.o
 .text.SPI_EndRxTransaction
                0x00000000080034a6       0xca Drivers/STM32F4xx_HAL_Driver/Src/stm32f4xx_hal_spi.o
 .text.SPI_EndRxTxTransaction
                0x0000000008003570       0x84 Drivers/STM32F4xx_HAL_Driver/Src/stm32f4xx_hal_spi.o
 .text.HAL_TIM_Base_Init
                0x00000000080035f4       0x56 Drivers/STM32F4xx_HAL_Driver/Src/stm32f4xx_hal_tim.o
                0x00000000080035f4                HAL_TIM_Base_Init
 .text.HAL_TIM_Base_Start_IT
                0x000000000800364a       0x48 Drivers/STM32F4xx_HAL_Driver/Src/stm32f4xx_hal_tim.o
                0x000000000800364a                HAL_TIM_Base_Start_IT
 .text.HAL_TIM_PWM_Init
                0x0000000008003692       0x56 Drivers/STM32F4xx_HAL_Driver/Src/stm32f4xx_hal_tim.o
                0x0000000008003692                HAL_TIM_PWM_Init
 .text.HAL_TIM_PWM_Start
                0x00000000080036e8       0x7c Drivers/STM32F4xx_HAL_Driver/Src/stm32f4xx_hal_tim.o
                0x00000000080036e8                HAL_TIM_PWM_Start
 .text.HAL_TIM_PWM_Stop
                0x0000000008003764       0xb0 Drivers/STM32F4xx_HAL_Driver/Src/stm32f4xx_hal_tim.o
                0x0000000008003764                HAL_TIM_PWM_Stop
 .text.HAL_TIM_Encoder_Init
                0x0000000008003814      0x124 Drivers/STM32F4xx_HAL_Driver/Src/stm32f4xx_hal_tim.o
                0x0000000008003814                HAL_TIM_Encoder_Init
 .text.HAL_TIM_Encoder_Start
                0x0000000008003938       0x6e Drivers/STM32F4xx_HAL_Driver/Src/stm32f4xx_hal_tim.o
                0x0000000008003938                HAL_TIM_Encoder_Start
 .text.HAL_TIM_IRQHandler
                0x00000000080039a6      0x210 Drivers/STM32F4xx_HAL_Driver/Src/stm32f4xx_hal_tim.o
                0x00000000080039a6                HAL_TIM_IRQHandler
 *fill*         0x0000000008003bb6        0x2 
 .text.HAL_TIM_PWM_ConfigChannel
                0x0000000008003bb8      0x18c Drivers/STM32F4xx_HAL_Driver/Src/stm32f4xx_hal_tim.o
                0x0000000008003bb8                HAL_TIM_PWM_ConfigChannel
 .text.HAL_TIM_ConfigClockSource
                0x0000000008003d44      0x16e Drivers/STM32F4xx_HAL_Driver/Src/stm32f4xx_hal_tim.o
                0x0000000008003d44                HAL_TIM_ConfigClockSource
 .text.HAL_TIM_OC_DelayElapsedCallback
                0x0000000008003eb2       0x14 Drivers/STM32F4xx_HAL_Driver/Src/stm32f4xx_hal_tim.o
                0x0000000008003eb2                HAL_TIM_OC_DelayElapsedCallback
 .text.HAL_TIM_IC_CaptureCallback
                0x0000000008003ec6       0x14 Drivers/STM32F4xx_HAL_Driver/Src/stm32f4xx_hal_tim.o
                0x0000000008003ec6                HAL_TIM_IC_CaptureCallback
 .text.HAL_TIM_PWM_PulseFinishedCallback
                0x0000000008003eda       0x14 Drivers/STM32F4xx_HAL_Driver/Src/stm32f4xx_hal_tim.o
                0x0000000008003eda                HAL_TIM_PWM_PulseFinishedCallback
 .text.HAL_TIM_TriggerCallback
                0x0000000008003eee       0x14 Drivers/STM32F4xx_HAL_Driver/Src/stm32f4xx_hal_tim.o
                0x0000000008003eee                HAL_TIM_TriggerCallback
 *fill*         0x0000000008003f02        0x2 
 .text.TIM_Base_SetConfig
                0x0000000008003f04      0x140 Drivers/STM32F4xx_HAL_Driver/Src/stm32f4xx_hal_tim.o
                0x0000000008003f04                TIM_Base_SetConfig
 .text.TIM_OC1_SetConfig
                0x0000000008004044       0xe0 Drivers/STM32F4xx_HAL_Driver/Src/stm32f4xx_hal_tim.o
 .text.TIM_OC2_SetConfig
                0x0000000008004124       0xec Drivers/STM32F4xx_HAL_Driver/Src/stm32f4xx_hal_tim.o
                0x0000000008004124                TIM_OC2_SetConfig
 .text.TIM_OC3_SetConfig
                0x0000000008004210       0xe8 Drivers/STM32F4xx_HAL_Driver/Src/stm32f4xx_hal_tim.o
 .text.TIM_OC4_SetConfig
                0x00000000080042f8       0xac Drivers/STM32F4xx_HAL_Driver/Src/stm32f4xx_hal_tim.o
 .text.TIM_TI1_ConfigInputStage
                0x00000000080043a4       0x5e Drivers/STM32F4xx_HAL_Driver/Src/stm32f4xx_hal_tim.o
 .text.TIM_TI2_ConfigInputStage
                0x0000000008004402       0x60 Drivers/STM32F4xx_HAL_Driver/Src/stm32f4xx_hal_tim.o
 .text.TIM_ITRx_SetConfig
                0x0000000008004462       0x36 Drivers/STM32F4xx_HAL_Driver/Src/stm32f4xx_hal_tim.o
 .text.TIM_ETR_SetConfig
                0x0000000008004498       0x40 Drivers/STM32F4xx_HAL_Driver/Src/stm32f4xx_hal_tim.o
                0x0000000008004498                TIM_ETR_SetConfig
 .text.TIM_CCxChannelCmd
                0x00000000080044d8       0x4a Drivers/STM32F4xx_HAL_Driver/Src/stm32f4xx_hal_tim.o
                0x00000000080044d8                TIM_CCxChannelCmd
 .text.HAL_TIMEx_MasterConfigSynchronization
                0x0000000008004522       0x8a Drivers/STM32F4xx_HAL_Driver/Src/stm32f4xx_hal_tim_ex.o
                0x0000000008004522                HAL_TIMEx_MasterConfigSynchronization
 .text.HAL_TIMEx_CommutCallback
                0x00000000080045ac       0x14 Drivers/STM32F4xx_HAL_Driver/Src/stm32f4xx_hal_tim_ex.o
                0x00000000080045ac                HAL_TIMEx_CommutCallback
 .text.HAL_TIMEx_BreakCallback
                0x00000000080045c0       0x14 Drivers/STM32F4xx_HAL_Driver/Src/stm32f4xx_hal_tim_ex.o
                0x00000000080045c0                HAL_TIMEx_BreakCallback
 .text.HAL_UART_Init
                0x00000000080045d4       0x9a Drivers/STM32F4xx_HAL_Driver/Src/stm32f4xx_hal_uart.o
                0x00000000080045d4                HAL_UART_Init
 .text.HAL_UART_Transmit
                0x000000000800466e      0x132 Drivers/STM32F4xx_HAL_Driver/Src/stm32f4xx_hal_uart.o
                0x000000000800466e                HAL_UART_Transmit
 .text.UART_WaitOnFlagUntilTimeout
                0x00000000080047a0       0x94 Drivers/STM32F4xx_HAL_Driver/Src/stm32f4xx_hal_uart.o
 .text.UART_SetConfig
                0x0000000008004834      0x414 Drivers/STM32F4xx_HAL_Driver/Src/stm32f4xx_hal_uart.o
 .text.drive_init
                0x0000000008004c48       0x24 Src/drive.o
                0x0000000008004c48                drive_init
 .text.drive_ready
                0x0000000008004c6c       0x58 Src/drive.o
                0x0000000008004c6c                drive_ready
 .text.drive_start
                0x0000000008004cc4       0x60 Src/drive.o
                0x0000000008004cc4                drive_start
 .text.drive_stop
                0x0000000008004d24       0x50 Src/drive.o
                0x0000000008004d24                drive_stop
 .text.control_start
                0x0000000008004d74       0x50 Src/drive.o
                0x0000000008004d74                control_start
 .text.control_stop
                0x0000000008004dc4       0x28 Src/drive.o
                0x0000000008004dc4                control_stop
 .text.drive_dir
                0x0000000008004dec      0x140 Src/drive.o
                0x0000000008004dec                drive_dir
 .text.run_select
                0x0000000008004f2c       0xcc Src/drive.o
                0x0000000008004f2c                run_select
 .text.driveA   0x0000000008004ff8       0xf4 Src/drive.o
                0x0000000008004ff8                driveA
 .text.driveD   0x00000000080050ec      0x1b4 Src/drive.o
                0x00000000080050ec                driveD
 .text.driveU   0x00000000080052a0       0xd0 Src/drive.o
                0x00000000080052a0                driveU
 .text.driveC   0x0000000008005370       0x94 Src/drive.o
                0x0000000008005370                driveC
 .text.driveC2  0x0000000008005404       0x98 Src/drive.o
                0x0000000008005404                driveC2
 .text.slalomF  0x000000000800549c      0x16c Src/drive.o
                0x000000000800549c                slalomF
 .text.slalomR  0x0000000008005608      0x244 Src/drive.o
                0x0000000008005608                slalomR
 .text.slalomB  0x000000000800584c       0xc8 Src/drive.o
                0x000000000800584c                slalomB
 .text.set_position
                0x0000000008005914       0x2c Src/drive.o
                0x0000000008005914                set_position
 .text.set_positionF
                0x0000000008005940       0x3c Src/drive.o
                0x0000000008005940                set_positionF
 .text.start_sectionA
                0x000000000800597c      0x264 Src/drive.o
                0x000000000800597c                start_sectionA
 .text.half_sectionA
                0x0000000008005be0       0xcc Src/drive.o
                0x0000000008005be0                half_sectionA
 .text.half_sectionD
                0x0000000008005cac       0xc0 Src/drive.o
                0x0000000008005cac                half_sectionD
 .text.half_sectionVA
                0x0000000008005d6c       0xb4 Src/drive.o
                0x0000000008005d6c                half_sectionVA
 .text.half_sectionVD
                0x0000000008005e20       0xc0 Src/drive.o
                0x0000000008005e20                half_sectionVD
 .text.half_sectionU
                0x0000000008005ee0       0x18 Src/drive.o
                0x0000000008005ee0                half_sectionU
 .text.half_sectionV
                0x0000000008005ef8       0x18 Src/drive.o
                0x0000000008005ef8                half_sectionV
 .text.one_section
                0x0000000008005f10       0x10 Src/drive.o
                0x0000000008005f10                one_section
 .text.one_sectionA
                0x0000000008005f20      0x114 Src/drive.o
                0x0000000008005f20                one_sectionA
 .text.one_sectionD
                0x0000000008006034      0x138 Src/drive.o
                0x0000000008006034                one_sectionD
 .text.one_sectionVA
                0x000000000800616c      0x10c Src/drive.o
                0x000000000800616c                one_sectionVA
 .text.one_sectionVD
                0x0000000008006278      0x130 Src/drive.o
                0x0000000008006278                one_sectionVD
 .text.one_sectionU
                0x00000000080063a8       0x30 Src/drive.o
                0x00000000080063a8                one_sectionU
 .text.rotate_R90
                0x00000000080063d8      0x1b4 Src/drive.o
                0x00000000080063d8                rotate_R90
 *fill*         0x000000000800658c        0x4 
 .text.rotate_L90
                0x0000000008006590      0x1b4 Src/drive.o
                0x0000000008006590                rotate_L90
 *fill*         0x0000000008006744        0x4 
 .text.rotate_180
                0x0000000008006748      0x1b0 Src/drive.o
                0x0000000008006748                rotate_180
 .text.slalom_R90
                0x00000000080068f8      0x2d4 Src/drive.o
                0x00000000080068f8                slalom_R90
 .text.slalom_L90
                0x0000000008006bcc      0x2c4 Src/drive.o
                0x0000000008006bcc                slalom_L90
 .text.Lslalom_R90
                0x0000000008006e90      0x26c Src/drive.o
                0x0000000008006e90                Lslalom_R90
 .text.Lslalom_L90
                0x00000000080070fc      0x254 Src/drive.o
                0x00000000080070fc                Lslalom_L90
 .text.Lslalom_R180
                0x0000000008007350      0x298 Src/drive.o
                0x0000000008007350                Lslalom_R180
 .text.Lslalom_L180
                0x00000000080075e8      0x284 Src/drive.o
                0x00000000080075e8                Lslalom_L180
 .text.v_R45    0x000000000800786c      0x474 Src/drive.o
                0x000000000800786c                v_R45
 .text.v_L45    0x0000000008007ce0      0x468 Src/drive.o
                0x0000000008007ce0                v_L45
 .text.v_R45D   0x0000000008008148      0x320 Src/drive.o
                0x0000000008008148                v_R45D
 .text.v_L45D   0x0000000008008468      0x314 Src/drive.o
                0x0000000008008468                v_L45D
 .text.v_R90    0x000000000800877c      0x1e0 Src/drive.o
                0x000000000800877c                v_R90
 .text.v_L90    0x000000000800895c      0x1d8 Src/drive.o
                0x000000000800895c                v_L90
 .text.v_R135   0x0000000008008b34      0x47c Src/drive.o
                0x0000000008008b34                v_R135
 .text.v_L135   0x0000000008008fb0      0x468 Src/drive.o
                0x0000000008008fb0                v_L135
 .text.v_R135D  0x0000000008009418      0x328 Src/drive.o
                0x0000000008009418                v_R135D
 .text.v_L135D  0x0000000008009740      0x314 Src/drive.o
                0x0000000008009740                v_L135D
 .text.test_select
                0x0000000008009a54      0x110 Src/drive.o
                0x0000000008009a54                test_select
 .text.init_test
                0x0000000008009b64      0x220 Src/drive.o
                0x0000000008009b64                init_test
 .text.slalom_test
                0x0000000008009d84      0x394 Src/drive.o
                0x0000000008009d84                slalom_test
 .text.v_test   0x000000000800a118      0x46c Src/drive.o
                0x000000000800a118                v_test
 .text.pass_test
                0x000000000800a584      0x530 Src/drive.o
                0x000000000800a584                pass_test
 .text.goal_test
                0x000000000800aab4      0x5c4 Src/drive.o
                0x000000000800aab4                goal_test
 .text.sample_course_run
                0x000000000800b078      0x2a8 Src/drive.o
                0x000000000800b078                sample_course_run
 .text.slalom_run
                0x000000000800b320      0x4f0 Src/drive.o
                0x000000000800b320                slalom_run
 .text.perfect_run
                0x000000000800b810      0x5a4 Src/drive.o
                0x000000000800b810                perfect_run
 .text.perfect_slalom
                0x000000000800bdb4      0x460 Src/drive.o
                0x000000000800bdb4                perfect_slalom
 .text.perfect_pass
                0x000000000800c214      0x9e8 Src/drive.o
                0x000000000800c214                perfect_pass
 .text.eeprom_enable_write
                0x000000000800cbfc       0x48 Src/eeprom.o
                0x000000000800cbfc                eeprom_enable_write
 .text.eeprom_disable_write
                0x000000000800cc44        0xe Src/eeprom.o
                0x000000000800cc44                eeprom_disable_write
 .text.eeprom_write_halfword
                0x000000000800cc52       0x3a Src/eeprom.o
                0x000000000800cc52                eeprom_write_halfword
 .text.eeprom_read_halfword
                0x000000000800cc8c       0x2e Src/eeprom.o
                0x000000000800cc8c                eeprom_read_halfword
 *fill*         0x000000000800ccba        0x2 
 .text.gyro_init
                0x000000000800ccbc       0x70 Src/gyro.o
                0x000000000800ccbc                gyro_init
 .text.read_byte
                0x000000000800cd2c       0x58 Src/gyro.o
                0x000000000800cd2c                read_byte
 .text.write_byte
                0x000000000800cd84       0x58 Src/gyro.o
                0x000000000800cd84                write_byte
 *fill*         0x000000000800cddc        0x4 
 .text.gyro_read_z
                0x000000000800cde0       0x84 Src/gyro.o
                0x000000000800cde0                gyro_read_z
 .text.__io_putchar
                0x000000000800ce64       0x3c Src/main.o
                0x000000000800ce64                __io_putchar
 .text.HAL_TIM_PeriodElapsedCallback
                0x000000000800cea0     0x1544 Src/main.o
                0x000000000800cea0                HAL_TIM_PeriodElapsedCallback
 .text.main     0x000000000800e3e4      0x238 Src/main.o
                0x000000000800e3e4                main
 .text.SystemClock_Config
                0x000000000800e61c       0xd4 Src/main.o
                0x000000000800e61c                SystemClock_Config
 .text.MX_ADC1_Init
                0x000000000800e6f0       0xa4 Src/main.o
 .text.MX_SPI3_Init
                0x000000000800e794       0x6c Src/main.o
 .text.MX_TIM3_Init
                0x000000000800e800       0xec Src/main.o
 .text.MX_TIM4_Init
                0x000000000800e8ec       0xb0 Src/main.o
 .text.MX_TIM5_Init
                0x000000000800e99c       0xa8 Src/main.o
 .text.MX_TIM6_Init
                0x000000000800ea44       0x6c Src/main.o
 .text.MX_TIM8_Init
                0x000000000800eab0       0xb0 Src/main.o
 .text.MX_TIM11_Init
                0x000000000800eb60       0x9c Src/main.o
 .text.MX_TIM12_Init
                0x000000000800ebfc       0xc4 Src/main.o
 .text.MX_USART1_UART_Init
                0x000000000800ecc0       0x54 Src/main.o
 .text.MX_GPIO_Init
                0x000000000800ed14      0x1c0 Src/main.o
 .text.buzzer   0x000000000800eed4       0x80 Src/main.o
                0x000000000800eed4                buzzer
 .text.get_adc_value
                0x000000000800ef54       0x52 Src/main.o
                0x000000000800ef54                get_adc_value
 .text.Error_Handler
                0x000000000800efa6        0xe Src/main.o
                0x000000000800efa6                Error_Handler
 .text.search_init
                0x000000000800efb4       0x38 Src/search.o
                0x000000000800efb4                search_init
 .text.searchC  0x000000000800efec      0x2e4 Src/search.o
                0x000000000800efec                searchC
 .text.searchC2
                0x000000000800f2d0      0x2e4 Src/search.o
                0x000000000800f2d0                searchC2
 .text.searchD  0x000000000800f5b4      0x1d4 Src/search.o
                0x000000000800f5b4                searchD
 .text.searchE  0x000000000800f788      0x158 Src/search.o
                0x000000000800f788                searchE
 .text.searchF3
                0x000000000800f8e0      0x1b8 Src/search.o
                0x000000000800f8e0                searchF3
 .text.searchF4
                0x000000000800fa98      0x524 Src/search.o
                0x000000000800fa98                searchF4
 .text.adv_pos  0x000000000800ffbc       0x74 Src/search.o
                0x000000000800ffbc                adv_pos
 .text.conf_route
                0x0000000008010030       0x3c Src/search.o
                0x0000000008010030                conf_route
 .text.map_Init
                0x000000000801006c       0xd8 Src/search.o
                0x000000000801006c                map_Init
 .text.write_map
                0x0000000008010144      0x250 Src/search.o
                0x0000000008010144                write_map
 .text.turn_dir
                0x0000000008010394      0x198 Src/search.o
                0x0000000008010394                turn_dir
 .text.make_smap
                0x000000000801052c      0x77c Src/search.o
                0x000000000801052c                make_smap
 .text.make_route
                0x0000000008010ca8      0x2c0 Src/search.o
                0x0000000008010ca8                make_route
 .text.find_pregoal
                0x0000000008010f68      0x3e8 Src/search.o
                0x0000000008010f68                find_pregoal
 .text.make_smap2
                0x0000000008011350      0x248 Src/search.o
                0x0000000008011350                make_smap2
 .text.pass_route2
                0x0000000008011598      0x228 Src/search.o
                0x0000000008011598                pass_route2
 .text.pass_route3
                0x00000000080117c0      0x6b0 Src/search.o
                0x00000000080117c0                pass_route3
 .text.store_map_in_eeprom
                0x0000000008011e70       0x74 Src/search.o
                0x0000000008011e70                store_map_in_eeprom
 .text.load_map_from_eeprom
                0x0000000008011ee4       0x58 Src/search.o
                0x0000000008011ee4                load_map_from_eeprom
 .text.sensor_init
                0x0000000008011f3c       0x5c Src/sensor.o
                0x0000000008011f3c                sensor_init
 .text.get_base
                0x0000000008011f98       0x3c Src/sensor.o
                0x0000000008011f98                get_base
 .text.get_wall_info
                0x0000000008011fd4       0x74 Src/sensor.o
                0x0000000008011fd4                get_wall_info
 .text.led_write
                0x0000000008012048       0x74 Src/sensor.o
                0x0000000008012048                led_write
 .text.full_led_write1
                0x00000000080120bc      0x144 Src/sensor.o
                0x00000000080120bc                full_led_write1
 .text.full_led_write2
                0x0000000008012200      0x174 Src/sensor.o
                0x0000000008012200                full_led_write2
 .text.sensor_test
                0x0000000008012374      0x20c Src/sensor.o
                0x0000000008012374                sensor_test
 .text.HAL_MspInit
                0x0000000008012580       0x50 Src/stm32f4xx_hal_msp.o
                0x0000000008012580                HAL_MspInit
 .text.HAL_ADC_MspInit
                0x00000000080125d0       0x88 Src/stm32f4xx_hal_msp.o
                0x00000000080125d0                HAL_ADC_MspInit
 .text.HAL_SPI_MspInit
                0x0000000008012658       0x90 Src/stm32f4xx_hal_msp.o
                0x0000000008012658                HAL_SPI_MspInit
 .text.HAL_TIM_Base_MspInit
                0x00000000080126e8       0xd4 Src/stm32f4xx_hal_msp.o
                0x00000000080126e8                HAL_TIM_Base_MspInit
 .text.HAL_TIM_PWM_MspInit
                0x00000000080127bc       0x44 Src/stm32f4xx_hal_msp.o
                0x00000000080127bc                HAL_TIM_PWM_MspInit
 .text.HAL_TIM_Encoder_MspInit
                0x0000000008012800       0xfc Src/stm32f4xx_hal_msp.o
                0x0000000008012800                HAL_TIM_Encoder_MspInit
 .text.HAL_TIM_MspPostInit
                0x00000000080128fc      0x15c Src/stm32f4xx_hal_msp.o
                0x00000000080128fc                HAL_TIM_MspPostInit
 .text.HAL_UART_MspInit
                0x0000000008012a58       0x90 Src/stm32f4xx_hal_msp.o
                0x0000000008012a58                HAL_UART_MspInit
 .text.NMI_Handler
                0x0000000008012ae8        0xe Src/stm32f4xx_it.o
                0x0000000008012ae8                NMI_Handler
 .text.HardFault_Handler
                0x0000000008012af6        0x6 Src/stm32f4xx_it.o
                0x0000000008012af6                HardFault_Handler
 .text.MemManage_Handler
                0x0000000008012afc        0x6 Src/stm32f4xx_it.o
                0x0000000008012afc                MemManage_Handler
 .text.BusFault_Handler
                0x0000000008012b02        0x6 Src/stm32f4xx_it.o
                0x0000000008012b02                BusFault_Handler
 .text.UsageFault_Handler
                0x0000000008012b08        0x6 Src/stm32f4xx_it.o
                0x0000000008012b08                UsageFault_Handler
 .text.SVC_Handler
                0x0000000008012b0e        0xe Src/stm32f4xx_it.o
                0x0000000008012b0e                SVC_Handler
 .text.DebugMon_Handler
                0x0000000008012b1c        0xe Src/stm32f4xx_it.o
                0x0000000008012b1c                DebugMon_Handler
 .text.PendSV_Handler
                0x0000000008012b2a        0xe Src/stm32f4xx_it.o
                0x0000000008012b2a                PendSV_Handler
 .text.SysTick_Handler
                0x0000000008012b38        0xc Src/stm32f4xx_it.o
                0x0000000008012b38                SysTick_Handler
 .text.TIM6_DAC_IRQHandler
                0x0000000008012b44       0x14 Src/stm32f4xx_it.o
                0x0000000008012b44                TIM6_DAC_IRQHandler
 .text._read    0x0000000008012b58       0x3a Src/syscalls.o
                0x0000000008012b58                _read
 .text._write   0x0000000008012b92       0x38 Src/syscalls.o
                0x0000000008012b92                _write
 .text._close   0x0000000008012bca       0x18 Src/syscalls.o
                0x0000000008012bca                _close
 .text._fstat   0x0000000008012be2       0x20 Src/syscalls.o
                0x0000000008012be2                _fstat
 .text._isatty  0x0000000008012c02       0x16 Src/syscalls.o
                0x0000000008012c02                _isatty
 .text._lseek   0x0000000008012c18       0x1a Src/syscalls.o
                0x0000000008012c18                _lseek
 *fill*         0x0000000008012c32        0x2 
 .text._sbrk    0x0000000008012c34       0x58 Src/sysmem.o
                0x0000000008012c34                _sbrk
 .text.SystemInit
                0x0000000008012c8c       0x6c Src/system_stm32f4xx.o
                0x0000000008012c8c                SystemInit
 .text.Reset_Handler
                0x0000000008012cf8       0x50 Startup/startup_stm32f405rgtx.o
                0x0000000008012cf8                Reset_Handler
 .text.Default_Handler
                0x0000000008012d48        0x2 Startup/startup_stm32f405rgtx.o
                0x0000000008012d48                RTC_Alarm_IRQHandler
                0x0000000008012d48                HASH_RNG_IRQHandler
                0x0000000008012d48                EXTI2_IRQHandler
                0x0000000008012d48                TIM8_CC_IRQHandler
                0x0000000008012d48                TIM1_CC_IRQHandler
                0x0000000008012d48                DMA2_Stream5_IRQHandler
                0x0000000008012d48                DMA1_Stream5_IRQHandler
                0x0000000008012d48                PVD_IRQHandler
                0x0000000008012d48                SDIO_IRQHandler
                0x0000000008012d48                TAMP_STAMP_IRQHandler
                0x0000000008012d48                CAN2_RX1_IRQHandler
                0x0000000008012d48                EXTI3_IRQHandler
                0x0000000008012d48                TIM8_TRG_COM_TIM14_IRQHandler
                0x0000000008012d48                TIM1_UP_TIM10_IRQHandler
                0x0000000008012d48                TIM8_UP_TIM13_IRQHandler
                0x0000000008012d48                I2C3_ER_IRQHandler
                0x0000000008012d48                EXTI0_IRQHandler
                0x0000000008012d48                I2C2_EV_IRQHandler
                0x0000000008012d48                DMA1_Stream2_IRQHandler
                0x0000000008012d48                CAN1_RX0_IRQHandler
                0x0000000008012d48                FPU_IRQHandler
                0x0000000008012d48                OTG_HS_WKUP_IRQHandler
                0x0000000008012d48                CAN2_SCE_IRQHandler
                0x0000000008012d48                DMA2_Stream2_IRQHandler
                0x0000000008012d48                SPI1_IRQHandler
                0x0000000008012d48                TIM1_BRK_TIM9_IRQHandler
                0x0000000008012d48                CAN2_RX0_IRQHandler
                0x0000000008012d48                DMA2_Stream3_IRQHandler
                0x0000000008012d48                USART6_IRQHandler
                0x0000000008012d48                USART3_IRQHandler
                0x0000000008012d48                CAN1_RX1_IRQHandler
                0x0000000008012d48                UART5_IRQHandler
                0x0000000008012d48                DMA2_Stream0_IRQHandler
                0x0000000008012d48                TIM4_IRQHandler
                0x0000000008012d48                I2C1_EV_IRQHandler
                0x0000000008012d48                DMA1_Stream6_IRQHandler
                0x0000000008012d48                DMA1_Stream1_IRQHandler
                0x0000000008012d48                UART4_IRQHandler
                0x0000000008012d48                TIM3_IRQHandler
                0x0000000008012d48                RCC_IRQHandler
                0x0000000008012d48                TIM8_BRK_TIM12_IRQHandler
                0x0000000008012d48                Default_Handler
                0x0000000008012d48                EXTI15_10_IRQHandler
                0x0000000008012d48                ADC_IRQHandler
                0x0000000008012d48                DMA1_Stream7_IRQHandler
                0x0000000008012d48                TIM7_IRQHandler
                0x0000000008012d48                CAN2_TX_IRQHandler
                0x0000000008012d48                TIM5_IRQHandler
                0x0000000008012d48                DMA2_Stream7_IRQHandler
                0x0000000008012d48                I2C3_EV_IRQHandler
                0x0000000008012d48                EXTI9_5_IRQHandler
                0x0000000008012d48                RTC_WKUP_IRQHandler
                0x0000000008012d48                SPI2_IRQHandler
                0x0000000008012d48                OTG_HS_EP1_IN_IRQHandler
                0x0000000008012d48                DMA1_Stream0_IRQHandler
                0x0000000008012d48                CAN1_TX_IRQHandler
                0x0000000008012d48                EXTI4_IRQHandler
                0x0000000008012d48                FSMC_IRQHandler
                0x0000000008012d48                OTG_HS_EP1_OUT_IRQHandler
                0x0000000008012d48                WWDG_IRQHandler
                0x0000000008012d48                TIM2_IRQHandler
                0x0000000008012d48                OTG_FS_WKUP_IRQHandler
                0x0000000008012d48                TIM1_TRG_COM_TIM11_IRQHandler
                0x0000000008012d48                OTG_HS_IRQHandler
                0x0000000008012d48                EXTI1_IRQHandler
                0x0000000008012d48                USART2_IRQHandler
                0x0000000008012d48                I2C2_ER_IRQHandler
                0x0000000008012d48                DMA2_Stream1_IRQHandler
                0x0000000008012d48                CAN1_SCE_IRQHandler
                0x0000000008012d48                FLASH_IRQHandler
                0x0000000008012d48                DMA2_Stream4_IRQHandler
                0x0000000008012d48                USART1_IRQHandler
                0x0000000008012d48                OTG_FS_IRQHandler
                0x0000000008012d48                SPI3_IRQHandler
                0x0000000008012d48                DMA1_Stream4_IRQHandler
                0x0000000008012d48                I2C1_ER_IRQHandler
                0x0000000008012d48                DMA2_Stream6_IRQHandler
                0x0000000008012d48                DMA1_Stream3_IRQHandler
 *fill*         0x0000000008012d4a        0x2 
 .text.__errno  0x0000000008012d4c        0xc c:/st/stm32cubeide_1.0.1/stm32cubeide/plugins/com.st.stm32cube.ide.mcu.externaltools.gnu-tools-for-stm32.7-2018-q2-update.win32_1.0.0.201904181610/tools/bin/../lib/gcc/arm-none-eabi/7.3.1/../../../../arm-none-eabi/lib/thumb/v7e-m/fpv4-sp/hard\libc_nano.a(lib_a-errno.o)
                0x0000000008012d4c                __errno
 .text.__libc_init_array
                0x0000000008012d58       0x48 c:/st/stm32cubeide_1.0.1/stm32cubeide/plugins/com.st.stm32cube.ide.mcu.externaltools.gnu-tools-for-stm32.7-2018-q2-update.win32_1.0.0.201904181610/tools/bin/../lib/gcc/arm-none-eabi/7.3.1/../../../../arm-none-eabi/lib/thumb/v7e-m/fpv4-sp/hard\libc_nano.a(lib_a-init.o)
                0x0000000008012d58                __libc_init_array
 .text.memset   0x0000000008012da0       0x10 c:/st/stm32cubeide_1.0.1/stm32cubeide/plugins/com.st.stm32cube.ide.mcu.externaltools.gnu-tools-for-stm32.7-2018-q2-update.win32_1.0.0.201904181610/tools/bin/../lib/gcc/arm-none-eabi/7.3.1/../../../../arm-none-eabi/lib/thumb/v7e-m/fpv4-sp/hard\libc_nano.a(lib_a-memset.o)
                0x0000000008012da0                memset
 .text.printf   0x0000000008012db0       0x30 c:/st/stm32cubeide_1.0.1/stm32cubeide/plugins/com.st.stm32cube.ide.mcu.externaltools.gnu-tools-for-stm32.7-2018-q2-update.win32_1.0.0.201904181610/tools/bin/../lib/gcc/arm-none-eabi/7.3.1/../../../../arm-none-eabi/lib/thumb/v7e-m/fpv4-sp/hard\libc_nano.a(lib_a-printf.o)
                0x0000000008012db0                iprintf
                0x0000000008012db0                printf
 .text._puts_r  0x0000000008012de0       0xb8 c:/st/stm32cubeide_1.0.1/stm32cubeide/plugins/com.st.stm32cube.ide.mcu.externaltools.gnu-tools-for-stm32.7-2018-q2-update.win32_1.0.0.201904181610/tools/bin/../lib/gcc/arm-none-eabi/7.3.1/../../../../arm-none-eabi/lib/thumb/v7e-m/fpv4-sp/hard\libc_nano.a(lib_a-puts.o)
                0x0000000008012de0                _puts_r
 .text.puts     0x0000000008012e98       0x10 c:/st/stm32cubeide_1.0.1/stm32cubeide/plugins/com.st.stm32cube.ide.mcu.externaltools.gnu-tools-for-stm32.7-2018-q2-update.win32_1.0.0.201904181610/tools/bin/../lib/gcc/arm-none-eabi/7.3.1/../../../../arm-none-eabi/lib/thumb/v7e-m/fpv4-sp/hard\libc_nano.a(lib_a-puts.o)
                0x0000000008012e98                puts
 .text.setbuf   0x0000000008012ea8       0x10 c:/st/stm32cubeide_1.0.1/stm32cubeide/plugins/com.st.stm32cube.ide.mcu.externaltools.gnu-tools-for-stm32.7-2018-q2-update.win32_1.0.0.201904181610/tools/bin/../lib/gcc/arm-none-eabi/7.3.1/../../../../arm-none-eabi/lib/thumb/v7e-m/fpv4-sp/hard\libc_nano.a(lib_a-setbuf.o)
                0x0000000008012ea8                setbuf
 .text.setvbuf  0x0000000008012eb8      0x15c c:/st/stm32cubeide_1.0.1/stm32cubeide/plugins/com.st.stm32cube.ide.mcu.externaltools.gnu-tools-for-stm32.7-2018-q2-update.win32_1.0.0.201904181610/tools/bin/../lib/gcc/arm-none-eabi/7.3.1/../../../../arm-none-eabi/lib/thumb/v7e-m/fpv4-sp/hard\libc_nano.a(lib_a-setvbuf.o)
                0x0000000008012eb8                setvbuf
 .text.__swbuf_r
                0x0000000008013014       0xa4 c:/st/stm32cubeide_1.0.1/stm32cubeide/plugins/com.st.stm32cube.ide.mcu.externaltools.gnu-tools-for-stm32.7-2018-q2-update.win32_1.0.0.201904181610/tools/bin/../lib/gcc/arm-none-eabi/7.3.1/../../../../arm-none-eabi/lib/thumb/v7e-m/fpv4-sp/hard\libc_nano.a(lib_a-wbuf.o)
                0x0000000008013014                __swbuf_r
 .text.__swsetup_r
                0x00000000080130b8       0xdc c:/st/stm32cubeide_1.0.1/stm32cubeide/plugins/com.st.stm32cube.ide.mcu.externaltools.gnu-tools-for-stm32.7-2018-q2-update.win32_1.0.0.201904181610/tools/bin/../lib/gcc/arm-none-eabi/7.3.1/../../../../arm-none-eabi/lib/thumb/v7e-m/fpv4-sp/hard\libc_nano.a(lib_a-wsetup.o)
                0x00000000080130b8                __swsetup_r
 .text.__sflush_r
                0x0000000008013194      0x10c c:/st/stm32cubeide_1.0.1/stm32cubeide/plugins/com.st.stm32cube.ide.mcu.externaltools.gnu-tools-for-stm32.7-2018-q2-update.win32_1.0.0.201904181610/tools/bin/../lib/gcc/arm-none-eabi/7.3.1/../../../../arm-none-eabi/lib/thumb/v7e-m/fpv4-sp/hard\libc_nano.a(lib_a-fflush.o)
                0x0000000008013194                __sflush_r
 .text._fflush_r
                0x00000000080132a0       0x54 c:/st/stm32cubeide_1.0.1/stm32cubeide/plugins/com.st.stm32cube.ide.mcu.externaltools.gnu-tools-for-stm32.7-2018-q2-update.win32_1.0.0.201904181610/tools/bin/../lib/gcc/arm-none-eabi/7.3.1/../../../../arm-none-eabi/lib/thumb/v7e-m/fpv4-sp/hard\libc_nano.a(lib_a-fflush.o)
                0x00000000080132a0                _fflush_r
 .text.std      0x00000000080132f4       0x48 c:/st/stm32cubeide_1.0.1/stm32cubeide/plugins/com.st.stm32cube.ide.mcu.externaltools.gnu-tools-for-stm32.7-2018-q2-update.win32_1.0.0.201904181610/tools/bin/../lib/gcc/arm-none-eabi/7.3.1/../../../../arm-none-eabi/lib/thumb/v7e-m/fpv4-sp/hard\libc_nano.a(lib_a-findfp.o)
 .text._cleanup_r
                0x000000000801333c        0xc c:/st/stm32cubeide_1.0.1/stm32cubeide/plugins/com.st.stm32cube.ide.mcu.externaltools.gnu-tools-for-stm32.7-2018-q2-update.win32_1.0.0.201904181610/tools/bin/../lib/gcc/arm-none-eabi/7.3.1/../../../../arm-none-eabi/lib/thumb/v7e-m/fpv4-sp/hard\libc_nano.a(lib_a-findfp.o)
                0x000000000801333c                _cleanup_r
 .text.__sfmoreglue
                0x0000000008013348       0x2c c:/st/stm32cubeide_1.0.1/stm32cubeide/plugins/com.st.stm32cube.ide.mcu.externaltools.gnu-tools-for-stm32.7-2018-q2-update.win32_1.0.0.201904181610/tools/bin/../lib/gcc/arm-none-eabi/7.3.1/../../../../arm-none-eabi/lib/thumb/v7e-m/fpv4-sp/hard\libc_nano.a(lib_a-findfp.o)
                0x0000000008013348                __sfmoreglue
 .text.__sinit  0x0000000008013374       0x60 c:/st/stm32cubeide_1.0.1/stm32cubeide/plugins/com.st.stm32cube.ide.mcu.externaltools.gnu-tools-for-stm32.7-2018-q2-update.win32_1.0.0.201904181610/tools/bin/../lib/gcc/arm-none-eabi/7.3.1/../../../../arm-none-eabi/lib/thumb/v7e-m/fpv4-sp/hard\libc_nano.a(lib_a-findfp.o)
                0x0000000008013374                __sinit
 .text.__sfp    0x00000000080133d4       0x78 c:/st/stm32cubeide_1.0.1/stm32cubeide/plugins/com.st.stm32cube.ide.mcu.externaltools.gnu-tools-for-stm32.7-2018-q2-update.win32_1.0.0.201904181610/tools/bin/../lib/gcc/arm-none-eabi/7.3.1/../../../../arm-none-eabi/lib/thumb/v7e-m/fpv4-sp/hard\libc_nano.a(lib_a-findfp.o)
                0x00000000080133d4                __sfp
 .text._fwalk_reent
                0x000000000801344c       0x3c c:/st/stm32cubeide_1.0.1/stm32cubeide/plugins/com.st.stm32cube.ide.mcu.externaltools.gnu-tools-for-stm32.7-2018-q2-update.win32_1.0.0.201904181610/tools/bin/../lib/gcc/arm-none-eabi/7.3.1/../../../../arm-none-eabi/lib/thumb/v7e-m/fpv4-sp/hard\libc_nano.a(lib_a-fwalk.o)
                0x000000000801344c                _fwalk_reent
 .text.__swhatbuf_r
                0x0000000008013488       0x48 c:/st/stm32cubeide_1.0.1/stm32cubeide/plugins/com.st.stm32cube.ide.mcu.externaltools.gnu-tools-for-stm32.7-2018-q2-update.win32_1.0.0.201904181610/tools/bin/../lib/gcc/arm-none-eabi/7.3.1/../../../../arm-none-eabi/lib/thumb/v7e-m/fpv4-sp/hard\libc_nano.a(lib_a-makebuf.o)
                0x0000000008013488                __swhatbuf_r
 .text.__smakebuf_r
                0x00000000080134d0       0x80 c:/st/stm32cubeide_1.0.1/stm32cubeide/plugins/com.st.stm32cube.ide.mcu.externaltools.gnu-tools-for-stm32.7-2018-q2-update.win32_1.0.0.201904181610/tools/bin/../lib/gcc/arm-none-eabi/7.3.1/../../../../arm-none-eabi/lib/thumb/v7e-m/fpv4-sp/hard\libc_nano.a(lib_a-makebuf.o)
                0x00000000080134d0                __smakebuf_r
 .text.malloc   0x0000000008013550       0x10 c:/st/stm32cubeide_1.0.1/stm32cubeide/plugins/com.st.stm32cube.ide.mcu.externaltools.gnu-tools-for-stm32.7-2018-q2-update.win32_1.0.0.201904181610/tools/bin/../lib/gcc/arm-none-eabi/7.3.1/../../../../arm-none-eabi/lib/thumb/v7e-m/fpv4-sp/hard\libc_nano.a(lib_a-malloc.o)
                0x0000000008013550                malloc
 .text._free_r  0x0000000008013560       0x9c c:/st/stm32cubeide_1.0.1/stm32cubeide/plugins/com.st.stm32cube.ide.mcu.externaltools.gnu-tools-for-stm32.7-2018-q2-update.win32_1.0.0.201904181610/tools/bin/../lib/gcc/arm-none-eabi/7.3.1/../../../../arm-none-eabi/lib/thumb/v7e-m/fpv4-sp/hard\libc_nano.a(lib_a-nano-freer.o)
                0x0000000008013560                _free_r
 .text._malloc_r
                0x00000000080135fc       0xb4 c:/st/stm32cubeide_1.0.1/stm32cubeide/plugins/com.st.stm32cube.ide.mcu.externaltools.gnu-tools-for-stm32.7-2018-q2-update.win32_1.0.0.201904181610/tools/bin/../lib/gcc/arm-none-eabi/7.3.1/../../../../arm-none-eabi/lib/thumb/v7e-m/fpv4-sp/hard\libc_nano.a(lib_a-nano-mallocr.o)
                0x00000000080135fc                _malloc_r
 .text.__sfputc_r
                0x00000000080136b0       0x2e c:/st/stm32cubeide_1.0.1/stm32cubeide/plugins/com.st.stm32cube.ide.mcu.externaltools.gnu-tools-for-stm32.7-2018-q2-update.win32_1.0.0.201904181610/tools/bin/../lib/gcc/arm-none-eabi/7.3.1/../../../../arm-none-eabi/lib/thumb/v7e-m/fpv4-sp/hard\libc_nano.a(lib_a-nano-vfprintf.o)
 .text.__sfputs_r
                0x00000000080136de       0x24 c:/st/stm32cubeide_1.0.1/stm32cubeide/plugins/com.st.stm32cube.ide.mcu.externaltools.gnu-tools-for-stm32.7-2018-q2-update.win32_1.0.0.201904181610/tools/bin/../lib/gcc/arm-none-eabi/7.3.1/../../../../arm-none-eabi/lib/thumb/v7e-m/fpv4-sp/hard\libc_nano.a(lib_a-nano-vfprintf.o)
                0x00000000080136de                __sfputs_r
 *fill*         0x0000000008013702        0x2 
 .text._vfprintf_r
                0x0000000008013704      0x22c c:/st/stm32cubeide_1.0.1/stm32cubeide/plugins/com.st.stm32cube.ide.mcu.externaltools.gnu-tools-for-stm32.7-2018-q2-update.win32_1.0.0.201904181610/tools/bin/../lib/gcc/arm-none-eabi/7.3.1/../../../../arm-none-eabi/lib/thumb/v7e-m/fpv4-sp/hard\libc_nano.a(lib_a-nano-vfprintf.o)
                0x0000000008013704                _vfprintf_r
                0x0000000008013704                _vfiprintf_r
 .text._printf_common
                0x0000000008013930       0xea c:/st/stm32cubeide_1.0.1/stm32cubeide/plugins/com.st.stm32cube.ide.mcu.externaltools.gnu-tools-for-stm32.7-2018-q2-update.win32_1.0.0.201904181610/tools/bin/../lib/gcc/arm-none-eabi/7.3.1/../../../../arm-none-eabi/lib/thumb/v7e-m/fpv4-sp/hard\libc_nano.a(lib_a-nano-vfprintf_i.o)
                0x0000000008013930                _printf_common
 *fill*         0x0000000008013a1a        0x2 
 .text._printf_i
                0x0000000008013a1c      0x224 c:/st/stm32cubeide_1.0.1/stm32cubeide/plugins/com.st.stm32cube.ide.mcu.externaltools.gnu-tools-for-stm32.7-2018-q2-update.win32_1.0.0.201904181610/tools/bin/../lib/gcc/arm-none-eabi/7.3.1/../../../../arm-none-eabi/lib/thumb/v7e-m/fpv4-sp/hard\libc_nano.a(lib_a-nano-vfprintf_i.o)
                0x0000000008013a1c                _printf_i
 .text._sbrk_r  0x0000000008013c40       0x20 c:/st/stm32cubeide_1.0.1/stm32cubeide/plugins/com.st.stm32cube.ide.mcu.externaltools.gnu-tools-for-stm32.7-2018-q2-update.win32_1.0.0.201904181610/tools/bin/../lib/gcc/arm-none-eabi/7.3.1/../../../../arm-none-eabi/lib/thumb/v7e-m/fpv4-sp/hard\libc_nano.a(lib_a-sbrkr.o)
                0x0000000008013c40                _sbrk_r
 .text.__sread  0x0000000008013c60       0x22 c:/st/stm32cubeide_1.0.1/stm32cubeide/plugins/com.st.stm32cube.ide.mcu.externaltools.gnu-tools-for-stm32.7-2018-q2-update.win32_1.0.0.201904181610/tools/bin/../lib/gcc/arm-none-eabi/7.3.1/../../../../arm-none-eabi/lib/thumb/v7e-m/fpv4-sp/hard\libc_nano.a(lib_a-stdio.o)
                0x0000000008013c60                __sread
 .text.__swrite
                0x0000000008013c82       0x38 c:/st/stm32cubeide_1.0.1/stm32cubeide/plugins/com.st.stm32cube.ide.mcu.externaltools.gnu-tools-for-stm32.7-2018-q2-update.win32_1.0.0.201904181610/tools/bin/../lib/gcc/arm-none-eabi/7.3.1/../../../../arm-none-eabi/lib/thumb/v7e-m/fpv4-sp/hard\libc_nano.a(lib_a-stdio.o)
                0x0000000008013c82                __swrite
 .text.__sseek  0x0000000008013cba       0x24 c:/st/stm32cubeide_1.0.1/stm32cubeide/plugins/com.st.stm32cube.ide.mcu.externaltools.gnu-tools-for-stm32.7-2018-q2-update.win32_1.0.0.201904181610/tools/bin/../lib/gcc/arm-none-eabi/7.3.1/../../../../arm-none-eabi/lib/thumb/v7e-m/fpv4-sp/hard\libc_nano.a(lib_a-stdio.o)
                0x0000000008013cba                __sseek
 .text.__sclose
                0x0000000008013cde        0x8 c:/st/stm32cubeide_1.0.1/stm32cubeide/plugins/com.st.stm32cube.ide.mcu.externaltools.gnu-tools-for-stm32.7-2018-q2-update.win32_1.0.0.201904181610/tools/bin/../lib/gcc/arm-none-eabi/7.3.1/../../../../arm-none-eabi/lib/thumb/v7e-m/fpv4-sp/hard\libc_nano.a(lib_a-stdio.o)
                0x0000000008013cde                __sclose
 *fill*         0x0000000008013ce6        0x2 
 .text._write_r
                0x0000000008013ce8       0x24 c:/st/stm32cubeide_1.0.1/stm32cubeide/plugins/com.st.stm32cube.ide.mcu.externaltools.gnu-tools-for-stm32.7-2018-q2-update.win32_1.0.0.201904181610/tools/bin/../lib/gcc/arm-none-eabi/7.3.1/../../../../arm-none-eabi/lib/thumb/v7e-m/fpv4-sp/hard\libc_nano.a(lib_a-writer.o)
                0x0000000008013ce8                _write_r
 .text._close_r
                0x0000000008013d0c       0x20 c:/st/stm32cubeide_1.0.1/stm32cubeide/plugins/com.st.stm32cube.ide.mcu.externaltools.gnu-tools-for-stm32.7-2018-q2-update.win32_1.0.0.201904181610/tools/bin/../lib/gcc/arm-none-eabi/7.3.1/../../../../arm-none-eabi/lib/thumb/v7e-m/fpv4-sp/hard\libc_nano.a(lib_a-closer.o)
                0x0000000008013d0c                _close_r
 .text._fstat_r
                0x0000000008013d2c       0x24 c:/st/stm32cubeide_1.0.1/stm32cubeide/plugins/com.st.stm32cube.ide.mcu.externaltools.gnu-tools-for-stm32.7-2018-q2-update.win32_1.0.0.201904181610/tools/bin/../lib/gcc/arm-none-eabi/7.3.1/../../../../arm-none-eabi/lib/thumb/v7e-m/fpv4-sp/hard\libc_nano.a(lib_a-fstatr.o)
                0x0000000008013d2c                _fstat_r
 .text._isatty_r
                0x0000000008013d50       0x20 c:/st/stm32cubeide_1.0.1/stm32cubeide/plugins/com.st.stm32cube.ide.mcu.externaltools.gnu-tools-for-stm32.7-2018-q2-update.win32_1.0.0.201904181610/tools/bin/../lib/gcc/arm-none-eabi/7.3.1/../../../../arm-none-eabi/lib/thumb/v7e-m/fpv4-sp/hard\libc_nano.a(lib_a-isattyr.o)
                0x0000000008013d50                _isatty_r
 .text._lseek_r
                0x0000000008013d70       0x24 c:/st/stm32cubeide_1.0.1/stm32cubeide/plugins/com.st.stm32cube.ide.mcu.externaltools.gnu-tools-for-stm32.7-2018-q2-update.win32_1.0.0.201904181610/tools/bin/../lib/gcc/arm-none-eabi/7.3.1/../../../../arm-none-eabi/lib/thumb/v7e-m/fpv4-sp/hard\libc_nano.a(lib_a-lseekr.o)
                0x0000000008013d70                _lseek_r
 .text.__malloc_lock
                0x0000000008013d94        0x2 c:/st/stm32cubeide_1.0.1/stm32cubeide/plugins/com.st.stm32cube.ide.mcu.externaltools.gnu-tools-for-stm32.7-2018-q2-update.win32_1.0.0.201904181610/tools/bin/../lib/gcc/arm-none-eabi/7.3.1/../../../../arm-none-eabi/lib/thumb/v7e-m/fpv4-sp/hard\libc_nano.a(lib_a-mlock.o)
                0x0000000008013d94                __malloc_lock
 .text.__malloc_unlock
                0x0000000008013d96        0x2 c:/st/stm32cubeide_1.0.1/stm32cubeide/plugins/com.st.stm32cube.ide.mcu.externaltools.gnu-tools-for-stm32.7-2018-q2-update.win32_1.0.0.201904181610/tools/bin/../lib/gcc/arm-none-eabi/7.3.1/../../../../arm-none-eabi/lib/thumb/v7e-m/fpv4-sp/hard\libc_nano.a(lib_a-mlock.o)
                0x0000000008013d96                __malloc_unlock
 .text._read_r  0x0000000008013d98       0x24 c:/st/stm32cubeide_1.0.1/stm32cubeide/plugins/com.st.stm32cube.ide.mcu.externaltools.gnu-tools-for-stm32.7-2018-q2-update.win32_1.0.0.201904181610/tools/bin/../lib/gcc/arm-none-eabi/7.3.1/../../../../arm-none-eabi/lib/thumb/v7e-m/fpv4-sp/hard\libc_nano.a(lib_a-readr.o)
                0x0000000008013d98                _read_r
 .text.sqrt     0x0000000008013dbc       0xb4 c:/st/stm32cubeide_1.0.1/stm32cubeide/plugins/com.st.stm32cube.ide.mcu.externaltools.gnu-tools-for-stm32.7-2018-q2-update.win32_1.0.0.201904181610/tools/bin/../lib/gcc/arm-none-eabi/7.3.1/../../../../arm-none-eabi/lib/thumb/v7e-m/fpv4-sp/hard\libm.a(lib_a-w_sqrt.o)
                0x0000000008013dbc                sqrt
 .text.__ieee754_sqrt
                0x0000000008013e70      0x160 c:/st/stm32cubeide_1.0.1/stm32cubeide/plugins/com.st.stm32cube.ide.mcu.externaltools.gnu-tools-for-stm32.7-2018-q2-update.win32_1.0.0.201904181610/tools/bin/../lib/gcc/arm-none-eabi/7.3.1/../../../../arm-none-eabi/lib/thumb/v7e-m/fpv4-sp/hard\libm.a(lib_a-e_sqrt.o)
                0x0000000008013e70                __ieee754_sqrt
 .text.matherr  0x0000000008013fd0        0x4 c:/st/stm32cubeide_1.0.1/stm32cubeide/plugins/com.st.stm32cube.ide.mcu.externaltools.gnu-tools-for-stm32.7-2018-q2-update.win32_1.0.0.201904181610/tools/bin/../lib/gcc/arm-none-eabi/7.3.1/../../../../arm-none-eabi/lib/thumb/v7e-m/fpv4-sp/hard\libm.a(lib_a-s_matherr.o)
                0x0000000008013fd0                matherr
 *(.glue_7)
 .glue_7        0x0000000008013fd4        0x0 linker stubs
 *(.glue_7t)
 .glue_7t       0x0000000008013fd4        0x0 linker stubs
 *(.eh_frame)
 .eh_frame      0x0000000008013fd4        0x0 c:/st/stm32cubeide_1.0.1/stm32cubeide/plugins/com.st.stm32cube.ide.mcu.externaltools.gnu-tools-for-stm32.7-2018-q2-update.win32_1.0.0.201904181610/tools/bin/../lib/gcc/arm-none-eabi/7.3.1/thumb/v7e-m/fpv4-sp/hard/crtbegin.o
 *(.init)
 .init          0x0000000008013fd4        0x4 c:/st/stm32cubeide_1.0.1/stm32cubeide/plugins/com.st.stm32cube.ide.mcu.externaltools.gnu-tools-for-stm32.7-2018-q2-update.win32_1.0.0.201904181610/tools/bin/../lib/gcc/arm-none-eabi/7.3.1/thumb/v7e-m/fpv4-sp/hard/crti.o
                0x0000000008013fd4                _init
 .init          0x0000000008013fd8        0x8 c:/st/stm32cubeide_1.0.1/stm32cubeide/plugins/com.st.stm32cube.ide.mcu.externaltools.gnu-tools-for-stm32.7-2018-q2-update.win32_1.0.0.201904181610/tools/bin/../lib/gcc/arm-none-eabi/7.3.1/thumb/v7e-m/fpv4-sp/hard/crtn.o
 *(.fini)
 .fini          0x0000000008013fe0        0x4 c:/st/stm32cubeide_1.0.1/stm32cubeide/plugins/com.st.stm32cube.ide.mcu.externaltools.gnu-tools-for-stm32.7-2018-q2-update.win32_1.0.0.201904181610/tools/bin/../lib/gcc/arm-none-eabi/7.3.1/thumb/v7e-m/fpv4-sp/hard/crti.o
                0x0000000008013fe0                _fini
 .fini          0x0000000008013fe4        0x8 c:/st/stm32cubeide_1.0.1/stm32cubeide/plugins/com.st.stm32cube.ide.mcu.externaltools.gnu-tools-for-stm32.7-2018-q2-update.win32_1.0.0.201904181610/tools/bin/../lib/gcc/arm-none-eabi/7.3.1/thumb/v7e-m/fpv4-sp/hard/crtn.o
                0x0000000008013fec                . = ALIGN (0x4)
                0x0000000008013fec                _etext = .

.vfp11_veneer   0x0000000008013fec        0x0
 .vfp11_veneer  0x0000000008013fec        0x0 linker stubs

.v4_bx          0x0000000008013fec        0x0
 .v4_bx         0x0000000008013fec        0x0 linker stubs

.iplt           0x0000000008013fec        0x0
 .iplt          0x0000000008013fec        0x0 c:/st/stm32cubeide_1.0.1/stm32cubeide/plugins/com.st.stm32cube.ide.mcu.externaltools.gnu-tools-for-stm32.7-2018-q2-update.win32_1.0.0.201904181610/tools/bin/../lib/gcc/arm-none-eabi/7.3.1/thumb/v7e-m/fpv4-sp/hard/crtbegin.o

.rodata         0x0000000008013fec      0x5f0
                0x0000000008013fec                . = ALIGN (0x4)
 *(.rodata)
 .rodata        0x0000000008013fec      0x3ca Src/drive.o
 *fill*         0x00000000080143b6        0x2 
 .rodata        0x00000000080143b8       0x14 Src/gyro.o
 .rodata        0x00000000080143cc       0x62 Src/main.o
 *fill*         0x000000000801442e        0x2 
 .rodata        0x0000000008014430       0x34 Src/search.o
 .rodata        0x0000000008014464       0xc1 Src/sensor.o
 *(.rodata*)
 *fill*         0x0000000008014525        0x3 
 .rodata.AHBPrescTable
                0x0000000008014528       0x10 Src/system_stm32f4xx.o
                0x0000000008014528                AHBPrescTable
 .rodata.APBPrescTable
                0x0000000008014538        0x8 Src/system_stm32f4xx.o
                0x0000000008014538                APBPrescTable
 .rodata._global_impure_ptr
                0x0000000008014540        0x4 c:/st/stm32cubeide_1.0.1/stm32cubeide/plugins/com.st.stm32cube.ide.mcu.externaltools.gnu-tools-for-stm32.7-2018-q2-update.win32_1.0.0.201904181610/tools/bin/../lib/gcc/arm-none-eabi/7.3.1/../../../../arm-none-eabi/lib/thumb/v7e-m/fpv4-sp/hard\libc_nano.a(lib_a-impure.o)
                0x0000000008014540                _global_impure_ptr
 .rodata.__sf_fake_stderr
                0x0000000008014544       0x20 c:/st/stm32cubeide_1.0.1/stm32cubeide/plugins/com.st.stm32cube.ide.mcu.externaltools.gnu-tools-for-stm32.7-2018-q2-update.win32_1.0.0.201904181610/tools/bin/../lib/gcc/arm-none-eabi/7.3.1/../../../../arm-none-eabi/lib/thumb/v7e-m/fpv4-sp/hard\libc_nano.a(lib_a-findfp.o)
                0x0000000008014544                __sf_fake_stderr
 .rodata.__sf_fake_stdin
                0x0000000008014564       0x20 c:/st/stm32cubeide_1.0.1/stm32cubeide/plugins/com.st.stm32cube.ide.mcu.externaltools.gnu-tools-for-stm32.7-2018-q2-update.win32_1.0.0.201904181610/tools/bin/../lib/gcc/arm-none-eabi/7.3.1/../../../../arm-none-eabi/lib/thumb/v7e-m/fpv4-sp/hard\libc_nano.a(lib_a-findfp.o)
                0x0000000008014564                __sf_fake_stdin
 .rodata.__sf_fake_stdout
                0x0000000008014584       0x20 c:/st/stm32cubeide_1.0.1/stm32cubeide/plugins/com.st.stm32cube.ide.mcu.externaltools.gnu-tools-for-stm32.7-2018-q2-update.win32_1.0.0.201904181610/tools/bin/../lib/gcc/arm-none-eabi/7.3.1/../../../../arm-none-eabi/lib/thumb/v7e-m/fpv4-sp/hard\libc_nano.a(lib_a-findfp.o)
                0x0000000008014584                __sf_fake_stdout
 .rodata._vfprintf_r.str1.1
                0x00000000080145a4       0x11 c:/st/stm32cubeide_1.0.1/stm32cubeide/plugins/com.st.stm32cube.ide.mcu.externaltools.gnu-tools-for-stm32.7-2018-q2-update.win32_1.0.0.201904181610/tools/bin/../lib/gcc/arm-none-eabi/7.3.1/../../../../arm-none-eabi/lib/thumb/v7e-m/fpv4-sp/hard\libc_nano.a(lib_a-nano-vfprintf.o)
 .rodata._printf_i.str1.1
                0x00000000080145b5       0x22 c:/st/stm32cubeide_1.0.1/stm32cubeide/plugins/com.st.stm32cube.ide.mcu.externaltools.gnu-tools-for-stm32.7-2018-q2-update.win32_1.0.0.201904181610/tools/bin/../lib/gcc/arm-none-eabi/7.3.1/../../../../arm-none-eabi/lib/thumb/v7e-m/fpv4-sp/hard\libc_nano.a(lib_a-nano-vfprintf_i.o)
 .rodata.sqrt.str1.1
                0x00000000080145d7        0x5 c:/st/stm32cubeide_1.0.1/stm32cubeide/plugins/com.st.stm32cube.ide.mcu.externaltools.gnu-tools-for-stm32.7-2018-q2-update.win32_1.0.0.201904181610/tools/bin/../lib/gcc/arm-none-eabi/7.3.1/../../../../arm-none-eabi/lib/thumb/v7e-m/fpv4-sp/hard\libm.a(lib_a-w_sqrt.o)
                0x00000000080145dc                . = ALIGN (0x4)

.ARM.extab      0x00000000080145dc        0x0
                0x00000000080145dc                . = ALIGN (0x4)
 *(.ARM.extab* .gnu.linkonce.armextab.*)
                0x00000000080145dc                . = ALIGN (0x4)

.ARM            0x00000000080145dc        0x8
                0x00000000080145dc                . = ALIGN (0x4)
                0x00000000080145dc                __exidx_start = .
 *(.ARM.exidx*)
 .ARM.exidx     0x00000000080145dc        0x8 c:/st/stm32cubeide_1.0.1/stm32cubeide/plugins/com.st.stm32cube.ide.mcu.externaltools.gnu-tools-for-stm32.7-2018-q2-update.win32_1.0.0.201904181610/tools/bin/../lib/gcc/arm-none-eabi/7.3.1/thumb/v7e-m/fpv4-sp/hard\libgcc.a(_udivmoddi4.o)
                0x00000000080145e4                __exidx_end = .
                0x00000000080145e4                . = ALIGN (0x4)

.rel.dyn        0x00000000080145e4        0x0
 .rel.iplt      0x00000000080145e4        0x0 c:/st/stm32cubeide_1.0.1/stm32cubeide/plugins/com.st.stm32cube.ide.mcu.externaltools.gnu-tools-for-stm32.7-2018-q2-update.win32_1.0.0.201904181610/tools/bin/../lib/gcc/arm-none-eabi/7.3.1/thumb/v7e-m/fpv4-sp/hard/crtbegin.o

.preinit_array  0x00000000080145e4        0x0
                0x00000000080145e4                . = ALIGN (0x4)
                0x00000000080145e4                PROVIDE (__preinit_array_start = .)
 *(.preinit_array*)
                0x00000000080145e4                PROVIDE (__preinit_array_end = .)
                0x00000000080145e4                . = ALIGN (0x4)

.init_array     0x00000000080145e4        0x4
                0x00000000080145e4                . = ALIGN (0x4)
                0x00000000080145e4                PROVIDE (__init_array_start = .)
 *(SORT_BY_NAME(.init_array.*))
 *(.init_array*)
 .init_array    0x00000000080145e4        0x4 c:/st/stm32cubeide_1.0.1/stm32cubeide/plugins/com.st.stm32cube.ide.mcu.externaltools.gnu-tools-for-stm32.7-2018-q2-update.win32_1.0.0.201904181610/tools/bin/../lib/gcc/arm-none-eabi/7.3.1/thumb/v7e-m/fpv4-sp/hard/crtbegin.o
                0x00000000080145e8                PROVIDE (__init_array_end = .)
                0x00000000080145e8                . = ALIGN (0x4)

.fini_array     0x00000000080145e8        0x4
                0x00000000080145e8                . = ALIGN (0x4)
                [!provide]                        PROVIDE (__fini_array_start = .)
 *(SORT_BY_NAME(.fini_array.*))
 *(.fini_array*)
 .fini_array    0x00000000080145e8        0x4 c:/st/stm32cubeide_1.0.1/stm32cubeide/plugins/com.st.stm32cube.ide.mcu.externaltools.gnu-tools-for-stm32.7-2018-q2-update.win32_1.0.0.201904181610/tools/bin/../lib/gcc/arm-none-eabi/7.3.1/thumb/v7e-m/fpv4-sp/hard/crtbegin.o
                [!provide]                        PROVIDE (__fini_array_end = .)
                0x00000000080145ec                . = ALIGN (0x4)
                0x00000000080145ec                _sidata = LOADADDR (.data)

.data           0x0000000020000000       0xec load address 0x00000000080145ec
                0x0000000020000000                . = ALIGN (0x4)
                0x0000000020000000                _sdata = .
 *(.data)
 *(.data*)
 .data.uwTickPrio
                0x0000000020000000        0x4 Drivers/STM32F4xx_HAL_Driver/Src/stm32f4xx_hal.o
                0x0000000020000000                uwTickPrio
 .data.uwTickFreq
                0x0000000020000004        0x1 Drivers/STM32F4xx_HAL_Driver/Src/stm32f4xx_hal.o
                0x0000000020000004                uwTickFreq
 *fill*         0x0000000020000005        0x3 
 .data.mario_goal
                0x0000000020000008       0x78 Src/main.o
                0x0000000020000008                mario_goal
 .data.SystemCoreClock
                0x0000000020000080        0x4 Src/system_stm32f4xx.o
                0x0000000020000080                SystemCoreClock
 .data._impure_ptr
                0x0000000020000084        0x4 c:/st/stm32cubeide_1.0.1/stm32cubeide/plugins/com.st.stm32cube.ide.mcu.externaltools.gnu-tools-for-stm32.7-2018-q2-update.win32_1.0.0.201904181610/tools/bin/../lib/gcc/arm-none-eabi/7.3.1/../../../../arm-none-eabi/lib/thumb/v7e-m/fpv4-sp/hard\libc_nano.a(lib_a-impure.o)
                0x0000000020000084                _impure_ptr
 .data.impure_data
                0x0000000020000088       0x60 c:/st/stm32cubeide_1.0.1/stm32cubeide/plugins/com.st.stm32cube.ide.mcu.externaltools.gnu-tools-for-stm32.7-2018-q2-update.win32_1.0.0.201904181610/tools/bin/../lib/gcc/arm-none-eabi/7.3.1/../../../../arm-none-eabi/lib/thumb/v7e-m/fpv4-sp/hard\libc_nano.a(lib_a-impure.o)
 .data.__fdlib_version
                0x00000000200000e8        0x1 c:/st/stm32cubeide_1.0.1/stm32cubeide/plugins/com.st.stm32cube.ide.mcu.externaltools.gnu-tools-for-stm32.7-2018-q2-update.win32_1.0.0.201904181610/tools/bin/../lib/gcc/arm-none-eabi/7.3.1/../../../../arm-none-eabi/lib/thumb/v7e-m/fpv4-sp/hard\libm.a(lib_a-s_lib_ver.o)
                0x00000000200000e8                __fdlib_version
                0x00000000200000ec                . = ALIGN (0x4)
 *fill*         0x00000000200000e9        0x3 
                0x00000000200000ec                _edata = .

.igot.plt       0x00000000200000ec        0x0 load address 0x00000000080146d8
 .igot.plt      0x00000000200000ec        0x0 c:/st/stm32cubeide_1.0.1/stm32cubeide/plugins/com.st.stm32cube.ide.mcu.externaltools.gnu-tools-for-stm32.7-2018-q2-update.win32_1.0.0.201904181610/tools/bin/../lib/gcc/arm-none-eabi/7.3.1/thumb/v7e-m/fpv4-sp/hard/crtbegin.o
                0x00000000200000ec                . = ALIGN (0x4)

.bss            0x00000000200000ec     0x1574 load address 0x00000000080146d8
                0x00000000200000ec                _sbss = .
                0x00000000200000ec                __bss_start__ = _sbss
 *(.bss)
 .bss           0x00000000200000ec       0x1c c:/st/stm32cubeide_1.0.1/stm32cubeide/plugins/com.st.stm32cube.ide.mcu.externaltools.gnu-tools-for-stm32.7-2018-q2-update.win32_1.0.0.201904181610/tools/bin/../lib/gcc/arm-none-eabi/7.3.1/thumb/v7e-m/fpv4-sp/hard/crtbegin.o
 *(.bss*)
 .bss.log_cnt   0x0000000020000108        0x4 Src/main.o
                0x0000000020000108                log_cnt
 .bss.gyro_cnt  0x000000002000010c        0x4 Src/main.o
                0x000000002000010c                gyro_cnt
 .bss.get_cnt   0x0000000020000110        0x4 Src/main.o
                0x0000000020000110                get_cnt
 .bss.heap_end.6424
                0x0000000020000114        0x4 Src/sysmem.o
 .bss.__malloc_free_list
                0x0000000020000118        0x4 c:/st/stm32cubeide_1.0.1/stm32cubeide/plugins/com.st.stm32cube.ide.mcu.externaltools.gnu-tools-for-stm32.7-2018-q2-update.win32_1.0.0.201904181610/tools/bin/../lib/gcc/arm-none-eabi/7.3.1/../../../../arm-none-eabi/lib/thumb/v7e-m/fpv4-sp/hard\libc_nano.a(lib_a-nano-mallocr.o)
                0x0000000020000118                __malloc_free_list
 .bss.__malloc_sbrk_start
                0x000000002000011c        0x4 c:/st/stm32cubeide_1.0.1/stm32cubeide/plugins/com.st.stm32cube.ide.mcu.externaltools.gnu-tools-for-stm32.7-2018-q2-update.win32_1.0.0.201904181610/tools/bin/../lib/gcc/arm-none-eabi/7.3.1/../../../../arm-none-eabi/lib/thumb/v7e-m/fpv4-sp/hard\libc_nano.a(lib_a-nano-mallocr.o)
                0x000000002000011c                __malloc_sbrk_start
 *(COMMON)
 COMMON         0x0000000020000120        0x4 Drivers/STM32F4xx_HAL_Driver/Src/stm32f4xx_hal.o
                0x0000000020000120                uwTick
 COMMON         0x0000000020000124       0x20 Drivers/STM32F4xx_HAL_Driver/Src/stm32f4xx_hal_flash.o
                0x0000000020000124                pFlash
 COMMON         0x0000000020000144       0x58 Src/gyro.o
                0x0000000020000144                hspi3
 COMMON         0x000000002000019c     0x14c0 Src/main.o
                0x000000002000019c                dgl
                0x00000000200001a0                target_speed_r
                0x00000000200001a4                speed_max_r
                0x00000000200001a8                target_omega_z
                0x00000000200001ac                map
                0x00000000200002ac                cnt_l
                0x00000000200002b0                p_cnt
                0x00000000200002b4                epsilon_sum
                0x00000000200002b8                omega_min
                0x00000000200002bc                speed_r
                0x00000000200002c0                base_r
                0x00000000200002c4                hz
                0x00000000200002c8                wall_info
                0x00000000200002cc                htim8
                0x000000002000030c                htim4
                0x000000002000034c                base_l
                0x000000002000034e                m_step
                0x0000000020000350                pass
                0x0000000020000450                degree_x
                0x0000000020000454                accel_hs
                0x0000000020000456                run_mode
                0x0000000020000457                pass_mode
                0x0000000020000458                epsilon_omega
                0x000000002000045c                get_speed_r
                0x000000002000077c                speed_max_l
                0x0000000020000780                pulse_r
                0x0000000020000784                htim5
                0x00000000200007c4                get_speed_l
                0x0000000020000ae4                htim3
                0x0000000020000b24                accel_r
                0x0000000020000b28                omega_max
                0x0000000020000b2c                dist_r
                0x0000000020000b30                speed_l
                0x0000000020000b34                speed_G
                0x0000000020000b38                dwl
                0x0000000020000b3c                ad_l
                0x0000000020000b40                hadc1
                0x0000000020000b88                epsilon_dif
                0x0000000020000b8c                goal_y
                0x0000000020000b8e                dgr
                0x0000000020000b90                dif_l
                0x0000000020000b94                speed_min_l
                0x0000000020000b98                target_degaccel_z
                0x0000000020000b9c                degree_z
                0x0000000020000ba0                epsilon_l
                0x0000000020000ba4                huart1
                0x0000000020000be4                dif_omega_z
                0x0000000020000be8                htim11
                0x0000000020000c28                pulse_l
                0x0000000020000c2c                cnt_r
                0x0000000020000c30                goal_x
                0x0000000020000c31                goal_mode
                0x0000000020000c32                dif_r
                0x0000000020000c34                htim6
                0x0000000020000c74                gyro_drift_value
                0x0000000020000c78                target_degree_z
                0x0000000020000c7c                target_speed_l
                0x0000000020000c80                ad_fr
                0x0000000020000c84                m_step2
                0x0000000020000c88                epsilon_r
                0x0000000020000c8c                mouse
                0x0000000020000c90                dg
                0x0000000020000c94                route
                0x0000000020000d94                ad_fl
                0x0000000020000d98                accel_l
                0x0000000020000d9c                pregoal_x
                0x0000000020000da0                smap
                0x0000000020000fa0                ad_r
                0x0000000020000fa4                MF2
                0x0000000020000fa8                MF
                0x0000000020000fac                htim12
                0x0000000020000fec                speed_min_r
                0x0000000020000ff0                degree_y
                0x0000000020000ff4                dwr
                0x0000000020000ff8                target_dist
                0x0000000020000ffc                speed_max_hs
                0x0000000020000ffe                run_dir
                0x0000000020001000                sum_omega_z
                0x0000000020001004                get_wall
                0x0000000020001324                tp
                0x0000000020001325                pregoal_y
                0x0000000020001328                get_omega
                0x0000000020001648                dist_l
                0x000000002000164c                start_mode
                0x0000000020001650                old_omega_z
                0x0000000020001654                r_cnt
                0x0000000020001658                old_epsilon
 COMMON         0x000000002000165c        0x4 c:/st/stm32cubeide_1.0.1/stm32cubeide/plugins/com.st.stm32cube.ide.mcu.externaltools.gnu-tools-for-stm32.7-2018-q2-update.win32_1.0.0.201904181610/tools/bin/../lib/gcc/arm-none-eabi/7.3.1/../../../../arm-none-eabi/lib/thumb/v7e-m/fpv4-sp/hard\libc_nano.a(lib_a-reent.o)
                0x000000002000165c                errno
                0x0000000020001660                . = ALIGN (0x4)
                0x0000000020001660                _ebss = .
                0x0000000020001660                __bss_end__ = _ebss

._user_heap_stack
                0x0000000020001660      0x600 load address 0x00000000080146d8
                0x0000000020001660                . = ALIGN (0x8)
                0x0000000020001660                PROVIDE (end = .)
                [!provide]                        PROVIDE (_end = .)
                0x0000000020001860                . = (. + _Min_Heap_Size)
 *fill*         0x0000000020001660      0x200 
                0x0000000020001c60                . = (. + _Min_Stack_Size)
 *fill*         0x0000000020001860      0x400 
                0x0000000020001c60                . = ALIGN (0x8)

/DISCARD/
 libc.a(*)
 libm.a(*)
 libgcc.a(*)

.ARM.attributes
                0x0000000000000000       0x30
 *(.ARM.attributes)
 .ARM.attributes
                0x0000000000000000       0x22 c:/st/stm32cubeide_1.0.1/stm32cubeide/plugins/com.st.stm32cube.ide.mcu.externaltools.gnu-tools-for-stm32.7-2018-q2-update.win32_1.0.0.201904181610/tools/bin/../lib/gcc/arm-none-eabi/7.3.1/thumb/v7e-m/fpv4-sp/hard/crti.o
 .ARM.attributes
                0x0000000000000022       0x34 c:/st/stm32cubeide_1.0.1/stm32cubeide/plugins/com.st.stm32cube.ide.mcu.externaltools.gnu-tools-for-stm32.7-2018-q2-update.win32_1.0.0.201904181610/tools/bin/../lib/gcc/arm-none-eabi/7.3.1/thumb/v7e-m/fpv4-sp/hard/crtbegin.o
 .ARM.attributes
                0x0000000000000056       0x39 Drivers/STM32F4xx_HAL_Driver/Src/stm32f4xx_hal.o
 .ARM.attributes
                0x000000000000008f       0x39 Drivers/STM32F4xx_HAL_Driver/Src/stm32f4xx_hal_adc.o
 .ARM.attributes
                0x00000000000000c8       0x39 Drivers/STM32F4xx_HAL_Driver/Src/stm32f4xx_hal_cortex.o
 .ARM.attributes
                0x0000000000000101       0x39 Drivers/STM32F4xx_HAL_Driver/Src/stm32f4xx_hal_flash.o
 .ARM.attributes
                0x000000000000013a       0x39 Drivers/STM32F4xx_HAL_Driver/Src/stm32f4xx_hal_flash_ex.o
 .ARM.attributes
                0x0000000000000173       0x39 Drivers/STM32F4xx_HAL_Driver/Src/stm32f4xx_hal_gpio.o
 .ARM.attributes
                0x00000000000001ac       0x39 Drivers/STM32F4xx_HAL_Driver/Src/stm32f4xx_hal_rcc.o
 .ARM.attributes
                0x00000000000001e5       0x39 Drivers/STM32F4xx_HAL_Driver/Src/stm32f4xx_hal_spi.o
 .ARM.attributes
                0x000000000000021e       0x39 Drivers/STM32F4xx_HAL_Driver/Src/stm32f4xx_hal_tim.o
 .ARM.attributes
                0x0000000000000257       0x39 Drivers/STM32F4xx_HAL_Driver/Src/stm32f4xx_hal_tim_ex.o
 .ARM.attributes
                0x0000000000000290       0x39 Drivers/STM32F4xx_HAL_Driver/Src/stm32f4xx_hal_uart.o
 .ARM.attributes
                0x00000000000002c9       0x39 Src/drive.o
 .ARM.attributes
                0x0000000000000302       0x39 Src/eeprom.o
 .ARM.attributes
                0x000000000000033b       0x39 Src/gyro.o
 .ARM.attributes
                0x0000000000000374       0x39 Src/main.o
 .ARM.attributes
                0x00000000000003ad       0x39 Src/search.o
 .ARM.attributes
                0x00000000000003e6       0x39 Src/sensor.o
 .ARM.attributes
                0x000000000000041f       0x39 Src/stm32f4xx_hal_msp.o
 .ARM.attributes
                0x0000000000000458       0x39 Src/stm32f4xx_it.o
 .ARM.attributes
                0x0000000000000491       0x39 Src/syscalls.o
 .ARM.attributes
                0x00000000000004ca       0x39 Src/sysmem.o
 .ARM.attributes
                0x0000000000000503       0x39 Src/system_stm32f4xx.o
 .ARM.attributes
                0x000000000000053c       0x21 Startup/startup_stm32f405rgtx.o
 .ARM.attributes
                0x000000000000055d       0x34 c:/st/stm32cubeide_1.0.1/stm32cubeide/plugins/com.st.stm32cube.ide.mcu.externaltools.gnu-tools-for-stm32.7-2018-q2-update.win32_1.0.0.201904181610/tools/bin/../lib/gcc/arm-none-eabi/7.3.1/../../../../arm-none-eabi/lib/thumb/v7e-m/fpv4-sp/hard\libc_nano.a(lib_a-errno.o)
 .ARM.attributes
                0x0000000000000591       0x34 c:/st/stm32cubeide_1.0.1/stm32cubeide/plugins/com.st.stm32cube.ide.mcu.externaltools.gnu-tools-for-stm32.7-2018-q2-update.win32_1.0.0.201904181610/tools/bin/../lib/gcc/arm-none-eabi/7.3.1/../../../../arm-none-eabi/lib/thumb/v7e-m/fpv4-sp/hard\libc_nano.a(lib_a-impure.o)
 .ARM.attributes
                0x00000000000005c5       0x34 c:/st/stm32cubeide_1.0.1/stm32cubeide/plugins/com.st.stm32cube.ide.mcu.externaltools.gnu-tools-for-stm32.7-2018-q2-update.win32_1.0.0.201904181610/tools/bin/../lib/gcc/arm-none-eabi/7.3.1/../../../../arm-none-eabi/lib/thumb/v7e-m/fpv4-sp/hard\libc_nano.a(lib_a-init.o)
 .ARM.attributes
                0x00000000000005f9       0x34 c:/st/stm32cubeide_1.0.1/stm32cubeide/plugins/com.st.stm32cube.ide.mcu.externaltools.gnu-tools-for-stm32.7-2018-q2-update.win32_1.0.0.201904181610/tools/bin/../lib/gcc/arm-none-eabi/7.3.1/../../../../arm-none-eabi/lib/thumb/v7e-m/fpv4-sp/hard\libc_nano.a(lib_a-memset.o)
 .ARM.attributes
                0x000000000000062d       0x34 c:/st/stm32cubeide_1.0.1/stm32cubeide/plugins/com.st.stm32cube.ide.mcu.externaltools.gnu-tools-for-stm32.7-2018-q2-update.win32_1.0.0.201904181610/tools/bin/../lib/gcc/arm-none-eabi/7.3.1/../../../../arm-none-eabi/lib/thumb/v7e-m/fpv4-sp/hard\libc_nano.a(lib_a-printf.o)
 .ARM.attributes
                0x0000000000000661       0x34 c:/st/stm32cubeide_1.0.1/stm32cubeide/plugins/com.st.stm32cube.ide.mcu.externaltools.gnu-tools-for-stm32.7-2018-q2-update.win32_1.0.0.201904181610/tools/bin/../lib/gcc/arm-none-eabi/7.3.1/../../../../arm-none-eabi/lib/thumb/v7e-m/fpv4-sp/hard\libc_nano.a(lib_a-puts.o)
 .ARM.attributes
                0x0000000000000695       0x34 c:/st/stm32cubeide_1.0.1/stm32cubeide/plugins/com.st.stm32cube.ide.mcu.externaltools.gnu-tools-for-stm32.7-2018-q2-update.win32_1.0.0.201904181610/tools/bin/../lib/gcc/arm-none-eabi/7.3.1/../../../../arm-none-eabi/lib/thumb/v7e-m/fpv4-sp/hard\libc_nano.a(lib_a-setbuf.o)
 .ARM.attributes
                0x00000000000006c9       0x34 c:/st/stm32cubeide_1.0.1/stm32cubeide/plugins/com.st.stm32cube.ide.mcu.externaltools.gnu-tools-for-stm32.7-2018-q2-update.win32_1.0.0.201904181610/tools/bin/../lib/gcc/arm-none-eabi/7.3.1/../../../../arm-none-eabi/lib/thumb/v7e-m/fpv4-sp/hard\libc_nano.a(lib_a-setvbuf.o)
 .ARM.attributes
                0x00000000000006fd       0x34 c:/st/stm32cubeide_1.0.1/stm32cubeide/plugins/com.st.stm32cube.ide.mcu.externaltools.gnu-tools-for-stm32.7-2018-q2-update.win32_1.0.0.201904181610/tools/bin/../lib/gcc/arm-none-eabi/7.3.1/../../../../arm-none-eabi/lib/thumb/v7e-m/fpv4-sp/hard\libc_nano.a(lib_a-wbuf.o)
 .ARM.attributes
                0x0000000000000731       0x34 c:/st/stm32cubeide_1.0.1/stm32cubeide/plugins/com.st.stm32cube.ide.mcu.externaltools.gnu-tools-for-stm32.7-2018-q2-update.win32_1.0.0.201904181610/tools/bin/../lib/gcc/arm-none-eabi/7.3.1/../../../../arm-none-eabi/lib/thumb/v7e-m/fpv4-sp/hard\libc_nano.a(lib_a-wsetup.o)
 .ARM.attributes