drive.c:11:6:drive_init	4	static
drive.c:23:6:drive_ready	8	static
drive.c:42:6:drive_start	4	static
drive.c:56:6:drive_stop	4	static
drive.c:70:6:control_start	4	static
drive.c:83:6:control_stop	4	static
drive.c:95:6:drive_dir	16	static
drive.c:138:6:run_select	16	static
drive.c:175:6:driveA	24	static
drive.c:195:6:driveD	32	static
drive.c:224:6:driveU	16	static
drive.c:247:6:driveC	16	static
drive.c:267:6:driveC2	16	static
drive.c:287:6:slalomF	24	static
drive.c:322:6:slalomR	32	static
drive.c:370:6:slalomB	16	static
drive.c:390:6:set_position	8	static
drive.c:405:6:set_positionF	8	static
drive.c:426:6:start_sectionA	8	static
drive.c:489:6:half_sectionA	8	static
drive.c:515:6:half_sectionD	8	static
drive.c:541:6:half_sectionVA	8	static
drive.c:566:6:half_sectionVD	8	static
drive.c:592:6:half_sectionU	8	static
drive.c:605:6:half_sectionV	8	static
drive.c:618:6:one_section	8	static
drive.c:631:6:one_sectionA	8	static
drive.c:657:6:one_sectionD	8	static
drive.c:683:6:one_sectionVA	8	static
drive.c:708:6:one_sectionVD	8	static
drive.c:733:6:one_sectionU	8	static
drive.c:747:6:rotate_R90	16	static
drive.c:780:6:rotate_L90	16	static
drive.c:813:6:rotate_180	16	static
drive.c:849:6:slalom_R90	16	static
drive.c:930:6:slalom_L90	16	static
drive.c:1011:6:Lslalom_R90	16	static
drive.c:1083:6:Lslalom_L90	16	static
drive.c:1155:6:Lslalom_R180	16	static
drive.c:1233:6:Lslalom_L180	16	static
drive.c:1311:6:v_R45	16	static
drive.c:1419:6:v_L45	16	static
drive.c:1527:6:v_R45D	16	static
drive.c:1593:6:v_L45D	16	static
drive.c:1659:6:v_R90	16	static
drive.c:1713:6:v_L90	16	static
drive.c:1767:6:v_R135	16	static
drive.c:1875:6:v_L135	16	static
drive.c:1983:6:v_R135D	16	static
drive.c:2049:6:v_L135D	16	static
drive.c:2118:6:test_select	16	static
drive.c:2176:6:init_test	32	static
drive.c:2275:6:slalom_test	64	static
drive.c:2475:6:v_test	80	static
drive.c:2716:6:pass_test	16	static
drive.c:2953:6:goal_test	16	static
drive.c:3212:6:sample_course_run	16	static
drive.c:3363:6:simple_run	16	static
drive.c:3485:6:slalom_run	16	static
drive.c:3729:6:perfect_run	16	static
drive.c:4006:6:perfect_slalom	16	static
drive.c:4207:6:perfect_pass	16	static
