drive.c:11:6:drive_init	4	static
drive.c:23:6:drive_ready	8	static
drive.c:42:6:drive_start	4	static
drive.c:56:6:drive_stop	4	static
drive.c:70:6:control_start	4	static
drive.c:83:6:control_stop	4	static
drive.c:95:6:drive_dir	16	static
drive.c:138:6:run_select	16	static
drive.c:175:6:driveA	24	static
drive.c:195:6:driveD	32	static
drive.c:224:6:driveU	16	static
drive.c:247:6:driveC	16	static
drive.c:267:6:driveC2	16	static
drive.c:287:6:slalomF	24	static
drive.c:322:6:slalomR	32	static
drive.c:370:6:slalomB	16	static
drive.c:391:6:set_position	8	static
drive.c:406:6:set_positionF	8	static
drive.c:427:6:start_sectionA	8	static
drive.c:490:6:half_sectionA	8	static
drive.c:516:6:half_sectionD	8	static
drive.c:542:6:half_sectionVA	8	static
drive.c:567:6:half_sectionVD	8	static
drive.c:593:6:half_sectionU	8	static
drive.c:606:6:half_sectionV	8	static
drive.c:619:6:one_section	8	static
drive.c:632:6:one_sectionA	8	static
drive.c:658:6:one_sectionD	8	static
drive.c:684:6:one_sectionVA	8	static
drive.c:709:6:one_sectionVD	8	static
drive.c:734:6:one_sectionU	8	static
drive.c:748:6:rotate_R90	16	static
drive.c:781:6:rotate_L90	16	static
drive.c:814:6:rotate_180	16	static
drive.c:850:6:slalom_R90	16	static
drive.c:931:6:slalom_L90	16	static
drive.c:1012:6:Lslalom_R90	16	static
drive.c:1084:6:Lslalom_L90	16	static
drive.c:1156:6:Lslalom_R180	16	static
drive.c:1234:6:Lslalom_L180	16	static
drive.c:1312:6:v_R45	16	static
drive.c:1420:6:v_L45	16	static
drive.c:1528:6:v_R45D	16	static
drive.c:1594:6:v_L45D	16	static
drive.c:1660:6:v_R90	16	static
drive.c:1714:6:v_L90	16	static
drive.c:1768:6:v_R135	16	static
drive.c:1876:6:v_L135	16	static
drive.c:1984:6:v_R135D	16	static
drive.c:2050:6:v_L135D	16	static
drive.c:2119:6:test_select	16	static
drive.c:2177:6:init_test	32	static
drive.c:2276:6:slalom_test	64	static
drive.c:2476:6:v_test	80	static
drive.c:2717:6:pass_test	16	static
drive.c:2954:6:goal_test	16	static
drive.c:3213:6:sample_course_run	16	static
drive.c:3364:6:simple_run	16	static
drive.c:3486:6:slalom_run	16	static
drive.c:3730:6:perfect_run	16	static
drive.c:4007:6:perfect_slalom	16	static
drive.c:4208:6:perfect_pass	16	static
