drive.c:11:6:drive_init	4	static
drive.c:23:6:drive_ready	8	static
drive.c:42:6:drive_start	4	static
drive.c:56:6:drive_stop	4	static
drive.c:70:6:drive_break	8	static
drive.c:91:6:control_start	4	static
drive.c:104:6:control_stop	4	static
drive.c:116:6:drive_dir	16	static
drive.c:159:6:run_select	16	static
drive.c:196:6:driveA	24	static
drive.c:216:6:driveD	32	static
drive.c:245:6:driveU	16	static
drive.c:268:6:driveC	16	static
drive.c:288:6:driveC2	16	static
drive.c:308:6:slalomF	24	static
drive.c:334:6:slalomR	32	static
drive.c:391:6:slalomB	16	static
drive.c:412:6:set_position	8	static
drive.c:427:6:set_positionF	8	static
drive.c:448:6:start_sectionA	8	static
drive.c:511:6:half_sectionA	8	static
drive.c:537:6:half_sectionD	8	static
drive.c:563:6:half_sectionVA	8	static
drive.c:588:6:half_sectionVD	8	static
drive.c:614:6:half_sectionU	8	static
drive.c:627:6:half_sectionV	8	static
drive.c:640:6:one_section	8	static
drive.c:653:6:one_sectionA	8	static
drive.c:679:6:one_sectionD	8	static
drive.c:705:6:one_sectionVA	8	static
drive.c:730:6:one_sectionVD	8	static
drive.c:755:6:one_sectionU	8	static
drive.c:769:6:rotate_R90	16	static
drive.c:802:6:rotate_L90	16	static
drive.c:835:6:rotate_180	16	static
drive.c:871:6:slalom_R90	16	static
drive.c:950:6:slalom_L90	16	static
drive.c:1029:6:Lslalom_R90	16	static
drive.c:1101:6:Lslalom_L90	16	static
drive.c:1173:6:Lslalom_R180	16	static
drive.c:1251:6:Lslalom_L180	16	static
drive.c:1329:6:v_R45	16	static
drive.c:1437:6:v_L45	16	static
drive.c:1545:6:v_R45D	16	static
drive.c:1611:6:v_L45D	16	static
drive.c:1677:6:v_R90	16	static
drive.c:1731:6:v_L90	16	static
drive.c:1785:6:v_R135	16	static
drive.c:1893:6:v_L135	16	static
drive.c:2001:6:v_R135D	16	static
drive.c:2067:6:v_L135D	16	static
drive.c:2136:6:test_select	16	static
drive.c:2194:6:init_test	32	static
drive.c:2293:6:slalom_test	64	static
drive.c:2494:6:v_test	80	static
drive.c:2735:6:pass_test	16	static
drive.c:2972:6:goal_test	16	static
drive.c:3231:6:sample_course_run	16	static
drive.c:3382:6:simple_run	16	static
drive.c:3504:6:slalom_run	16	static
drive.c:3748:6:perfect_run	16	static
drive.c:4025:6:perfect_slalom	16	static
drive.c:4226:6:perfect_pass	16	static
