main.c:96:5:__io_putchar	24	static
main.c:105:6:HAL_TIM_PeriodElapsedCallback	72	static
main.c:438:5:main	16	static
main.c:607:6:SystemClock_Config	88	static
main.c:651:13:MX_ADC1_Init	24	static
main.c:701:13:MX_SPI3_Init	8	static
main.c:739:13:MX_TIM3_Init	64	static
main.c:798:13:MX_TIM4_Init	48	static
main.c:847:13:MX_TIM5_Init	56	static
main.c:896:13:MX_TIM6_Init	16	static
main.c:934:13:MX_TIM8_Init	56	static
main.c:984:13:MX_TIM11_Init	40	static
main.c:1030:13:MX_TIM12_Init	56	static
main.c:1082:13:MX_USART1_UART_Init	8	static
main.c:1115:13:MX_GPIO_Init	48	static
main.c:1200:6:buzzer	48	static
main.c:1217:5:get_adc_value	32	static
main.c:1239:6:Error_Handler	4	static
