main.c:96:5:__io_putchar	24	static
main.c:105:6:HAL_TIM_PeriodElapsedCallback	72	static
main.c:439:5:main	16	static
main.c:608:6:SystemClock_Config	88	static
main.c:652:13:MX_ADC1_Init	24	static
main.c:702:13:MX_SPI3_Init	8	static
main.c:740:13:MX_TIM3_Init	64	static
main.c:799:13:MX_TIM4_Init	48	static
main.c:848:13:MX_TIM5_Init	56	static
main.c:897:13:MX_TIM6_Init	16	static
main.c:935:13:MX_TIM8_Init	56	static
main.c:985:13:MX_TIM11_Init	40	static
main.c:1031:13:MX_TIM12_Init	56	static
main.c:1083:13:MX_USART1_UART_Init	8	static
main.c:1116:13:MX_GPIO_Init	48	static
main.c:1201:6:buzzer	48	static
main.c:1218:5:get_adc_value	32	static
main.c:1240:6:Error_Handler	4	static
