search.c:4:6:search_init	8	static
search.c:28:6:searchA	8	static
search.c:96:6:searchB	8	static
search.c:172:6:searchC	24	static
search.c:300:6:searchC2	24	static
search.c:424:6:searchD	16	static
search.c:520:6:searchE	16	static
search.c:954:6:searchF3	24	static
search.c:1065:6:searchF4	24	static
search.c:1253:6:searchF5	24	static
search.c:1364:6:adv_pos	4	static
search.c:1389:6:adv_pos2	24	static
search.c:1591:6:conf_route	8	static
search.c:1611:6:map_Init	16	static
search.c:1642:6:write_map	16	static
search.c:1695:6:turn_dir	16	static
search.c:1727:6:make_smap	72	static
search.c:1857:6:make_route	16	static
search.c:1985:6:find_pregoal	24	static
search.c:2089:6:make_smap2	24	static
search.c:2390:6:pass_route2	16	static
search.c:2457:6:pass_route3	16	static
search.c:2612:6:store_map_in_eeprom	16	static
search.c:2633:6:load_map_from_eeprom	16	static
